Archive member included to satisfy reference by file (symbol)

C:/ST/STM32CubeIDE_2.0.0/STM32CubeIDE/plugins/com.st.stm32cube.ide.mcu.externaltools.gnu-tools-for-stm32.13.3.rel1.win32_1.0.100.202509120712/tools/bin/../lib/gcc/arm-none-eabi/13.3.1/../../../../arm-none-eabi/lib/thumb/v7-m/nofp\libc_nano.a(libc_a-exit.o)
                              C:/ST/STM32CubeIDE_2.0.0/STM32CubeIDE/plugins/com.st.stm32cube.ide.mcu.externaltools.gnu-tools-for-stm32.13.3.rel1.win32_1.0.100.202509120712/tools/bin/../lib/gcc/arm-none-eabi/13.3.1/../../../../arm-none-eabi/lib/thumb/v7-m/nofp/crt0.o (exit)
C:/ST/STM32CubeIDE_2.0.0/STM32CubeIDE/plugins/com.st.stm32cube.ide.mcu.externaltools.gnu-tools-for-stm32.13.3.rel1.win32_1.0.100.202509120712/tools/bin/../lib/gcc/arm-none-eabi/13.3.1/../../../../arm-none-eabi/lib/thumb/v7-m/nofp\libc_nano.a(libc_a-findfp.o)
                              C:/ST/STM32CubeIDE_2.0.0/STM32CubeIDE/plugins/com.st.stm32cube.ide.mcu.externaltools.gnu-tools-for-stm32.13.3.rel1.win32_1.0.100.202509120712/tools/bin/../lib/gcc/arm-none-eabi/13.3.1/../../../../arm-none-eabi/lib/thumb/v7-m/nofp\libc_nano.a(libc_a-exit.o) (__stdio_exit_handler)
C:/ST/STM32CubeIDE_2.0.0/STM32CubeIDE/plugins/com.st.stm32cube.ide.mcu.externaltools.gnu-tools-for-stm32.13.3.rel1.win32_1.0.100.202509120712/tools/bin/../lib/gcc/arm-none-eabi/13.3.1/../../../../arm-none-eabi/lib/thumb/v7-m/nofp\libc_nano.a(libc_a-fwalk.o)
                              C:/ST/STM32CubeIDE_2.0.0/STM32CubeIDE/plugins/com.st.stm32cube.ide.mcu.externaltools.gnu-tools-for-stm32.13.3.rel1.win32_1.0.100.202509120712/tools/bin/../lib/gcc/arm-none-eabi/13.3.1/../../../../arm-none-eabi/lib/thumb/v7-m/nofp\libc_nano.a(libc_a-findfp.o) (_fwalk_sglue)
C:/ST/STM32CubeIDE_2.0.0/STM32CubeIDE/plugins/com.st.stm32cube.ide.mcu.externaltools.gnu-tools-for-stm32.13.3.rel1.win32_1.0.100.202509120712/tools/bin/../lib/gcc/arm-none-eabi/13.3.1/../../../../arm-none-eabi/lib/thumb/v7-m/nofp\libc_nano.a(libc_a-stdio.o)
                              C:/ST/STM32CubeIDE_2.0.0/STM32CubeIDE/plugins/com.st.stm32cube.ide.mcu.externaltools.gnu-tools-for-stm32.13.3.rel1.win32_1.0.100.202509120712/tools/bin/../lib/gcc/arm-none-eabi/13.3.1/../../../../arm-none-eabi/lib/thumb/v7-m/nofp\libc_nano.a(libc_a-findfp.o) (__sread)
C:/ST/STM32CubeIDE_2.0.0/STM32CubeIDE/plugins/com.st.stm32cube.ide.mcu.externaltools.gnu-tools-for-stm32.13.3.rel1.win32_1.0.100.202509120712/tools/bin/../lib/gcc/arm-none-eabi/13.3.1/../../../../arm-none-eabi/lib/thumb/v7-m/nofp\libc_nano.a(libc_a-memset.o)
                              C:/ST/STM32CubeIDE_2.0.0/STM32CubeIDE/plugins/com.st.stm32cube.ide.mcu.externaltools.gnu-tools-for-stm32.13.3.rel1.win32_1.0.100.202509120712/tools/bin/../lib/gcc/arm-none-eabi/13.3.1/../../../../arm-none-eabi/lib/thumb/v7-m/nofp/crt0.o (memset)
C:/ST/STM32CubeIDE_2.0.0/STM32CubeIDE/plugins/com.st.stm32cube.ide.mcu.externaltools.gnu-tools-for-stm32.13.3.rel1.win32_1.0.100.202509120712/tools/bin/../lib/gcc/arm-none-eabi/13.3.1/../../../../arm-none-eabi/lib/thumb/v7-m/nofp\libc_nano.a(libc_a-closer.o)
                              C:/ST/STM32CubeIDE_2.0.0/STM32CubeIDE/plugins/com.st.stm32cube.ide.mcu.externaltools.gnu-tools-for-stm32.13.3.rel1.win32_1.0.100.202509120712/tools/bin/../lib/gcc/arm-none-eabi/13.3.1/../../../../arm-none-eabi/lib/thumb/v7-m/nofp\libc_nano.a(libc_a-stdio.o) (_close_r)
C:/ST/STM32CubeIDE_2.0.0/STM32CubeIDE/plugins/com.st.stm32cube.ide.mcu.externaltools.gnu-tools-for-stm32.13.3.rel1.win32_1.0.100.202509120712/tools/bin/../lib/gcc/arm-none-eabi/13.3.1/../../../../arm-none-eabi/lib/thumb/v7-m/nofp\libc_nano.a(libc_a-reent.o)
                              C:/ST/STM32CubeIDE_2.0.0/STM32CubeIDE/plugins/com.st.stm32cube.ide.mcu.externaltools.gnu-tools-for-stm32.13.3.rel1.win32_1.0.100.202509120712/tools/bin/../lib/gcc/arm-none-eabi/13.3.1/../../../../arm-none-eabi/lib/thumb/v7-m/nofp\libc_nano.a(libc_a-closer.o) (errno)
C:/ST/STM32CubeIDE_2.0.0/STM32CubeIDE/plugins/com.st.stm32cube.ide.mcu.externaltools.gnu-tools-for-stm32.13.3.rel1.win32_1.0.100.202509120712/tools/bin/../lib/gcc/arm-none-eabi/13.3.1/../../../../arm-none-eabi/lib/thumb/v7-m/nofp\libc_nano.a(libc_a-impure.o)
                              C:/ST/STM32CubeIDE_2.0.0/STM32CubeIDE/plugins/com.st.stm32cube.ide.mcu.externaltools.gnu-tools-for-stm32.13.3.rel1.win32_1.0.100.202509120712/tools/bin/../lib/gcc/arm-none-eabi/13.3.1/../../../../arm-none-eabi/lib/thumb/v7-m/nofp\libc_nano.a(libc_a-reent.o) (_impure_ptr)
C:/ST/STM32CubeIDE_2.0.0/STM32CubeIDE/plugins/com.st.stm32cube.ide.mcu.externaltools.gnu-tools-for-stm32.13.3.rel1.win32_1.0.100.202509120712/tools/bin/../lib/gcc/arm-none-eabi/13.3.1/../../../../arm-none-eabi/lib/thumb/v7-m/nofp\libc_nano.a(libc_a-lseekr.o)
[...]
Memory Configuration

Name             Origin             Length             Attributes
RAM              0x20000000         0x00005000         xrw
FLASH            0x08000000         0x00010000         xr
*default*        0x00000000         0xffffffff

Linker script and memory map

LOAD C:/ST/STM32CubeIDE_2.0.0/STM32CubeIDE/plugins/com.st.stm32cube.ide.mcu.externaltools.gnu-tools-for-stm32.13.3.rel1.win32_1.0.100.202509120712/tools/bin/../lib/gcc/arm-none-eabi/13.3.1/thumb/v7-m/nofp/crti.o
LOAD C:/ST/STM32CubeIDE_2.0.0/STM32CubeIDE/plugins/com.st.stm32cube.ide.mcu.externaltools.gnu-tools-for-stm32.13.3.rel1.win32_1.0.100.202509120712/tools/bin/../lib/gcc/arm-none-eabi/13.3.1/thumb/v7-m/nofp/crtbegin.o
LOAD C:/ST/STM32CubeIDE_2.0.0/STM32CubeIDE/plugins/com.st.stm32cube.ide.mcu.externaltools.gnu-tools-for-stm32.13.3.rel1.win32_1.0.100.202509120712/tools/bin/../lib/gcc/arm-none-eabi/13.3.1/../../../../arm-none-eabi/lib/thumb/v7-m/nofp/crt0.o
LOAD ./Core/Src/main.o
LOAD ./Core/Src/stm32f1xx_hal_msp.o
LOAD ./Core/Src/stm32f1xx_it.o
LOAD ./Core/Src/syscalls.o
LOAD ./Core/Src/sysmem.o
LOAD ./Core/Src/system_stm32f1xx.o
LOAD ./Core/Startup/startup_stm32f103c8tx.o
LOAD ./Drivers/STM32F1xx_HAL_Driver/Src/stm32f1xx_hal.o
LOAD ./Drivers/STM32F1xx_HAL_Driver/Src/stm32f1xx_hal_adc.o
LOAD ./Drivers/STM32F1xx_HAL_Driver/Src/stm32f1xx_hal_adc_ex.o
LOAD ./Drivers/STM32F1xx_HAL_Driver/Src/stm32f1xx_hal_can.o
LOAD ./Drivers/STM32F1xx_HAL_Driver/Src/stm32f1xx_hal_cortex.o
LOAD ./Drivers/STM32F1xx_HAL_Driver/Src/stm32f1xx_hal_dma.o
LOAD ./Drivers/STM32F1xx_HAL_Driver/Src/stm32f1xx_hal_exti.o
LOAD ./Drivers/STM32F1xx_HAL_Driver/Src/stm32f1xx_hal_flash.o
LOAD ./Drivers/STM32F1xx_HAL_Driver/Src/stm32f1xx_hal_flash_ex.o
LOAD ./Drivers/STM32F1xx_HAL_Driver/Src/stm32f1xx_hal_gpio.o
LOAD ./Drivers/STM32F1xx_HAL_Driver/Src/stm32f1xx_hal_gpio_ex.o
LOAD ./Drivers/STM32F1xx_HAL_Driver/Src/stm32f1xx_hal_i2c.o
LOAD ./Drivers/STM32F1xx_HAL_Driver/Src/stm32f1xx_hal_pcd.o
LOAD ./Drivers/STM32F1xx_HAL_Driver/Src/stm32f1xx_hal_pcd_ex.o
LOAD ./Drivers/STM32F1xx_HAL_Driver/Src/stm32f1xx_hal_pwr.o
LOAD ./Drivers/STM32F1xx_HAL_Driver/Src/stm32f1xx_hal_rcc.o
LOAD ./Drivers/STM32F1xx_HAL_Driver/Src/stm32f1xx_hal_rcc_ex.o
LOAD ./Drivers/STM32F1xx_HAL_Driver/Src/stm32f1xx_hal_spi.o
LOAD ./Drivers/STM32F1xx_HAL_Driver/Src/stm32f1xx_hal_tim.o
LOAD ./Drivers/STM32F1xx_HAL_Driver/Src/stm32f1xx_hal_tim_ex.o
LOAD ./Drivers/STM32F1xx_HAL_Driver/Src/stm32f1xx_hal_uart.o
LOAD ./Drivers/STM32F1xx_HAL_Driver/Src/stm32f1xx_ll_usb.o
LOAD ./Middlewares/ST/STM32_USB_Device_Library/Class/CDC/Src/usbd_cdc.o
LOAD ./Middlewares/ST/STM32_USB_Device_Library/Core/Src/usbd_core.o
LOAD ./Middlewares/ST/STM32_USB_Device_Library/Core/Src/usbd_ctlreq.o
LOAD ./Middlewares/ST/STM32_USB_Device_Library/Core/Src/usbd_ioreq.o
LOAD ./USB_DEVICE/App/usb_device.o
LOAD ./USB_DEVICE/App/usbd_cdc_if.o
LOAD ./USB_DEVICE/App/usbd_desc.o
LOAD ./USB_DEVICE/Target/usbd_conf.o
LOAD ./os/os.o
LOAD ./os/os_alarms.o
LOAD ./os/os_ipc.o
LOAD ./os/os_sched_tbl.o
LOAD ./os/os_task.o
LOAD ./os/os_timers.o
LOAD ./os_cfg/os_alarms_cfg.o
LOAD ./os_cfg/os_sched_tbl_cfg.o
LOAD ./os_cfg/os_task_cfg.o
LOAD ./os_integration/chaos_demo_tasks.o
LOAD ./os_integration/chaos_hooks.o
LOAD ./os_integration/ssd1306.o
START GROUP
LOAD C:/ST/STM32CubeIDE_2.0.0/STM32CubeIDE/plugins/com.st.stm32cube.ide.mcu.externaltools.gnu-tools-for-stm32.13.3.rel1.win32_1.0.100.202509120712/tools/bin/../lib/gcc/arm-none-eabi/13.3.1/../../../../arm-none-eabi/lib/thumb/v7-m/nofp\libc_nano.a
LOAD C:/ST/STM32CubeIDE_2.0.0/STM32CubeIDE/plugins/com.st.stm32cube.ide.mcu.externaltools.gnu-tools-for-stm32.13.3.rel1.win32_1.0.100.202509120712/tools/bin/../lib/gcc/arm-none-eabi/13.3.1/../../../../arm-none-eabi/lib/thumb/v7-m/nofp\libm.a
END GROUP
START GROUP
LOAD C:/ST/STM32CubeIDE_2.0.0/STM32CubeIDE/plugins/com.st.stm32cube.ide.mcu.externaltools.gnu-tools-for-stm32.13.3.rel1.win32_1.0.100.202509120712/tools/bin/../lib/gcc/arm-none-eabi/13.3.1/thumb/v7-m/nofp\libgcc.a
LOAD C:/ST/STM32CubeIDE_2.0.0/STM32CubeIDE/plugins/com.st.stm32cube.ide.mcu.externaltools.gnu-tools-for-stm32.13.3.rel1.win32_1.0.100.202509120712/tools/bin/../lib/gcc/arm-none-eabi/13.3.1/../../../../arm-none-eabi/lib/thumb/v7-m/nofp\libc_nano.a
END GROUP
START GROUP
LOAD C:/ST/STM32CubeIDE_2.0.0/STM32CubeIDE/plugins/com.st.stm32cube.ide.mcu.externaltools.gnu-tools-for-stm32.13.3.rel1.win32_1.0.100.202509120712/tools/bin/../lib/gcc/arm-none-eabi/13.3.1/thumb/v7-m/nofp\libgcc.a
LOAD C:/ST/STM32CubeIDE_2.0.0/STM32CubeIDE/plugins/com.st.stm32cube.ide.mcu.externaltools.gnu-tools-for-stm32.13.3.rel1.win32_1.0.100.202509120712/tools/bin/../lib/gcc/arm-none-eabi/13.3.1/../../../../arm-none-eabi/lib/thumb/v7-m/nofp\libc_nano.a
LOAD C:/ST/STM32CubeIDE_2.0.0/STM32CubeIDE/plugins/com.st.stm32cube.ide.mcu.externaltools.gnu-tools-for-stm32.13.3.rel1.win32_1.0.100.202509120712/tools/bin/../lib/gcc/arm-none-eabi/13.3.1/../../../../arm-none-eabi/lib/thumb/v7-m/nofp\libnosys.a
END GROUP
START GROUP
LOAD C:/ST/STM32CubeIDE_2.0.0/STM32CubeIDE/plugins/com.st.stm32cube.ide.mcu.externaltools.gnu-tools-for-stm32.13.3.rel1.win32_1.0.100.202509120712/tools/bin/../lib/gcc/arm-none-eabi/13.3.1/thumb/v7-m/nofp\libgcc.a
LOAD C:/ST/STM32CubeIDE_2.0.0/STM32CubeIDE/plugins/com.st.stm32cube.ide.mcu.externaltools.gnu-tools-for-stm32.13.3.rel1.win32_1.0.100.202509120712/tools/bin/../lib/gcc/arm-none-eabi/13.3.1/../../../../arm-none-eabi/lib/thumb/v7-m/nofp\libc_nano.a
LOAD C:/ST/STM32CubeIDE_2.0.0/STM32CubeIDE/plugins/com.st.stm32cube.ide.mcu.externaltools.gnu-tools-for-stm32.13.3.rel1.win32_1.0.100.202509120712/tools/bin/../lib/gcc/arm-none-eabi/13.3.1/../../../../arm-none-eabi/lib/thumb/v7-m/nofp\libnosys.a
END GROUP
LOAD C:/ST/STM32CubeIDE_2.0.0/STM32CubeIDE/plugins/com.st.stm32cube.ide.mcu.externaltools.gnu-tools-for-stm32.13.3.rel1.win32_1.0.100.202509120712/tools/bin/../lib/gcc/arm-none-eabi/13.3.1/thumb/v7-m/nofp/crtend.o
LOAD C:/ST/STM32CubeIDE_2.0.0/STM32CubeIDE/plugins/com.st.stm32cube.ide.mcu.externaltools.gnu-tools-for-stm32.13.3.rel1.win32_1.0.100.202509120712/tools/bin/../lib/gcc/arm-none-eabi/13.3.1/thumb/v7-m/nofp/crtn.o
                0x20005000                        _estack = (ORIGIN (RAM) + LENGTH (RAM))
                0x00000200                        _Min_Heap_Size = 0x200
                0x00000400                        _Min_Stack_Size = 0x400

.isr_vector     0x08000000      0x10c
                0x08000000                        . = ALIGN (0x4)
 *(.isr_vector)
 .isr_vector    0x08000000      0x10c ./Core/Startup/startup_stm32f103c8tx.o
                0x08000000                g_pfnVectors
                0x0800010c                        . = ALIGN (0x4)

.text           0x0800010c     0xc370
                0x0800010c                        . = ALIGN (0x4)
 *(.text)
 .text          0x0800010c       0x40 C:/ST/STM32CubeIDE_2.0.0/STM32CubeIDE/plugins/com.st.stm32cube.ide.mcu.externaltools.gnu-tools-for-stm32.13.3.rel1.win32_1.0.100.202509120712/tools/bin/../lib/gcc/arm-none-eabi/13.3.1/thumb/v7-m/nofp/crtbegin.o
 .text          0x0800014c       0x10 C:/ST/STM32CubeIDE_2.0.0/STM32CubeIDE/plugins/com.st.stm32cube.ide.mcu.externaltools.gnu-tools-for-stm32.13.3.rel1.win32_1.0.100.202509120712/tools/bin/../lib/gcc/arm-none-eabi/13.3.1/../../../../arm-none-eabi/lib/thumb/v7-m/nofp\libc_nano.a(libc_a-strlen.o)
                0x0800014c                strlen
 .text          0x0800015c      0x21c C:/ST/STM32CubeIDE_2.0.0/STM32CubeIDE/plugins/com.st.stm32cube.ide.mcu.externaltools.gnu-tools-for-stm32.13.3.rel1.win32_1.0.100.202509120712/tools/bin/../lib/gcc/arm-none-eabi/13.3.1/thumb/v7-m/nofp\libgcc.a(_arm_addsubsf3.o)
                0x0800015c                __aeabi_frsub
                0x08000164                __subsf3
                0x08000164                __aeabi_fsub
                0x08000168                __aeabi_fadd
                0x08000168                __addsf3
                0x080002c8                __aeabi_ui2f
                0x080002c8                __floatunsisf
                0x080002d0                __aeabi_i2f
                0x080002d0                __floatsisf
                0x080002ec                __aeabi_ul2f
                0x080002ec                __floatundisf
                0x080002fc                __aeabi_l2f
                0x080002fc                __floatdisf
 .text          0x08000378      0x2a0 C:/ST/STM32CubeIDE_2.0.0/STM32CubeIDE/plugins/com.st.stm32cube.ide.mcu.externaltools.gnu-tools-for-stm32.13.3.rel1.win32_1.0.100.202509120712/tools/bin/../lib/gcc/arm-none-eabi/13.3.1/thumb/v7-m/nofp\libgcc.a(_arm_muldivsf3.o)
                0x08000378                __mulsf3
                0x08000378                __aeabi_fmul
                0x080004e0                __aeabi_fdiv
                0x080004e0                __divsf3
 *(.text*)
 .text.HAL_TIM_PeriodElapsedCallback
                0x08000618       0x1e ./Core/Src/main.o
                0x08000618                HAL_TIM_PeriodElapsedCallback
 *fill*         0x08000636        0x2 
 .text.main     0x08000638       0xe0 ./Core/Src/main.o
                0x08000638                main
 .text.SystemClock_Config
                0x08000718       0xba ./Core/Src/main.o
                0x08000718                SystemClock_Config
 *fill*         0x080007d2        0x2 
 .text.MX_ADC1_Init
                0x080007d4       0xb4 ./Core/Src/main.o
 .text.MX_CAN_Init
                0x08000888       0x6c ./Core/Src/main.o
 .text.MX_I2C1_Init
                0x080008f4       0x5c ./Core/Src/main.o
 .text.MX_SPI1_Init
                0x08000950       0x6c ./Core/Src/main.o
 .text.MX_TIM2_Init
                0x080009bc       0x98 ./Core/Src/main.o
 .text.MX_USART1_UART_Init
                0x08000a54       0x54 ./Core/Src/main.o
 .text.MX_USART3_UART_Init
                0x08000aa8       0x54 ./Core/Src/main.o
 .text.MX_GPIO_Init
                0x08000afc       0xc4 ./Core/Src/main.o
 .text.Error_Handler
                0x08000bc0        0xc ./Core/Src/main.o
                0x08000bc0                Error_Handler
 .text.HAL_MspInit
                0x08000bcc       0x64 ./Core/Src/stm32f1xx_hal_msp.o
                0x08000bcc                HAL_MspInit
 .text.HAL_ADC_MspInit
                0x08000c30       0x78 ./Core/Src/stm32f1xx_hal_msp.o
                0x08000c30                HAL_ADC_MspInit
 .text.HAL_CAN_MspInit
                0x08000ca8       0xd0 ./Core/Src/stm32f1xx_hal_msp.o
                0x08000ca8                HAL_CAN_MspInit
 .text.HAL_I2C_MspInit
                0x08000d78       0x7c ./Core/Src/stm32f1xx_hal_msp.o
                0x08000d78                HAL_I2C_MspInit
 .text.HAL_SPI_MspInit
                0x08000df4       0x94 ./Core/Src/stm32f1xx_hal_msp.o
                0x08000df4                HAL_SPI_MspInit
 .text.HAL_TIM_Base_MspInit
                0x08000e88       0x48 ./Core/Src/stm32f1xx_hal_msp.o
                0x08000e88                HAL_TIM_Base_MspInit
 .text.HAL_UART_MspInit
                0x08000ed0      0x110 ./Core/Src/stm32f1xx_hal_msp.o
                0x08000ed0                HAL_UART_MspInit
 .text.NMI_Handler
                0x08000fe0        0x8 ./Core/Src/stm32f1xx_it.o
                0x08000fe0                NMI_Handler
 .text.HardFault_Handler
                0x08000fe8        0x8 ./Core/Src/stm32f1xx_it.o
                0x08000fe8                HardFault_Handler
 .text.MemManage_Handler
                0x08000ff0        0x8 ./Core/Src/stm32f1xx_it.o
                0x08000ff0                MemManage_Handler
 .text.BusFault_Handler
                0x08000ff8        0x8 ./Core/Src/stm32f1xx_it.o
                0x08000ff8                BusFault_Handler
 .text.UsageFault_Handler
                0x08001000        0x8 ./Core/Src/stm32f1xx_it.o
                0x08001000                UsageFault_Handler
 .text.SVC_Handler
                0x08001008        0xc ./Core/Src/stm32f1xx_it.o
                0x08001008                SVC_Handler
 .text.DebugMon_Handler
                0x08001014        0xc ./Core/Src/stm32f1xx_it.o
                0x08001014                DebugMon_Handler
 .text.PendSV_Handler
                0x08001020        0xc ./Core/Src/stm32f1xx_it.o
                0x08001020                PendSV_Handler
 .text.SysTick_Handler
                0x0800102c        0xc ./Core/Src/stm32f1xx_it.o
                0x0800102c                SysTick_Handler
 .text.USB_LP_CAN1_RX0_IRQHandler
                0x08001038       0x1c ./Core/Src/stm32f1xx_it.o
                0x08001038                USB_LP_CAN1_RX0_IRQHandler
 .text.TIM2_IRQHandler
                0x08001054       0x14 ./Core/Src/stm32f1xx_it.o
                0x08001054                TIM2_IRQHandler
 .text.SystemInit
                0x08001068        0xc ./Core/Src/system_stm32f1xx.o
                0x08001068                SystemInit
 .text.Reset_Handler
                0x08001074       0x48 ./Core/Startup/startup_stm32f103c8tx.o
                0x08001074                Reset_Handler
 .text.Default_Handler
                0x080010bc        0x2 ./Core/Startup/startup_stm32f103c8tx.o
                0x080010bc                RTC_Alarm_IRQHandler
                0x080010bc                EXTI2_IRQHandler
                0x080010bc                TIM1_CC_IRQHandler
                0x080010bc                PVD_IRQHandler
                0x080010bc                EXTI3_IRQHandler
                0x080010bc                EXTI0_IRQHandler
                0x080010bc                I2C2_EV_IRQHandler
                0x080010bc                ADC1_2_IRQHandler
                0x080010bc                SPI1_IRQHandler
                0x080010bc                TAMPER_IRQHandler
                0x080010bc                DMA1_Channel4_IRQHandler
                0x080010bc                USART3_IRQHandler
                0x080010bc                RTC_IRQHandler
                0x080010bc                DMA1_Channel7_IRQHandler
                0x080010bc                CAN1_RX1_IRQHandler
                0x080010bc                TIM4_IRQHandler
                0x080010bc                I2C1_EV_IRQHandler
                0x080010bc                DMA1_Channel6_IRQHandler
                0x080010bc                TIM3_IRQHandler
                0x080010bc                RCC_IRQHandler
                0x080010bc                TIM1_TRG_COM_IRQHandler
                0x080010bc                DMA1_Channel1_IRQHandler
                0x080010bc                Default_Handler
                0x080010bc                EXTI15_10_IRQHandler
                0x080010bc                EXTI9_5_IRQHandler
                0x080010bc                SPI2_IRQHandler
                0x080010bc                DMA1_Channel5_IRQHandler
                0x080010bc                EXTI4_IRQHandler
                0x080010bc                USB_HP_CAN1_TX_IRQHandler
                0x080010bc                DMA1_Channel3_IRQHandler
                0x080010bc                TIM1_UP_IRQHandler
                0x080010bc                WWDG_IRQHandler
                0x080010bc                TIM1_BRK_IRQHandler
                0x080010bc                EXTI1_IRQHandler
                0x080010bc                USART2_IRQHandler
                0x080010bc                I2C2_ER_IRQHandler
                0x080010bc                DMA1_Channel2_IRQHandler
                0x080010bc                CAN1_SCE_IRQHandler
                0x080010bc                FLASH_IRQHandler
                0x080010bc                USART1_IRQHandler
                0x080010bc                I2C1_ER_IRQHandler
                0x080010bc                USBWakeUp_IRQHandler
 *fill*         0x080010be        0x2 
 .text.HAL_Init
                0x080010c0       0x2c ./Drivers/STM32F1xx_HAL_Driver/Src/stm32f1xx_hal.o
                0x080010c0                HAL_Init
 .text.HAL_InitTick
                0x080010ec       0x60 ./Drivers/STM32F1xx_HAL_Driver/Src/stm32f1xx_hal.o
                0x080010ec                HAL_InitTick
 .text.HAL_IncTick
                0x0800114c       0x24 ./Drivers/STM32F1xx_HAL_Driver/Src/stm32f1xx_hal.o
                0x0800114c                HAL_IncTick
 .text.HAL_GetTick
                0x08001170       0x14 ./Drivers/STM32F1xx_HAL_Driver/Src/stm32f1xx_hal.o
                0x08001170                HAL_GetTick
 .text.HAL_Delay
                0x08001184       0x48 ./Drivers/STM32F1xx_HAL_Driver/Src/stm32f1xx_hal.o
                0x08001184                HAL_Delay
 .text.HAL_ADC_Init
                0x080011cc      0x1b0 ./Drivers/STM32F1xx_HAL_Driver/Src/stm32f1xx_hal_adc.o
                0x080011cc                HAL_ADC_Init
 .text.HAL_ADC_Start
                0x0800137c      0x15c ./Drivers/STM32F1xx_HAL_Driver/Src/stm32f1xx_hal_adc.o
                0x0800137c                HAL_ADC_Start
 .text.HAL_ADC_Stop
                0x080014d8       0x58 ./Drivers/STM32F1xx_HAL_Driver/Src/stm32f1xx_hal_adc.o
                0x080014d8                HAL_ADC_Stop
 .text.HAL_ADC_PollForConversion
                0x08001530      0x20c ./Drivers/STM32F1xx_HAL_Driver/Src/stm32f1xx_hal_adc.o
                0x08001530                HAL_ADC_PollForConversion
 .text.HAL_ADC_GetValue
                0x0800173c       0x18 ./Drivers/STM32F1xx_HAL_Driver/Src/stm32f1xx_hal_adc.o
                0x0800173c                HAL_ADC_GetValue
 .text.HAL_ADC_ConfigChannel
                0x08001754      0x1f0 ./Drivers/STM32F1xx_HAL_Driver/Src/stm32f1xx_hal_adc.o
                0x08001754                HAL_ADC_ConfigChannel
 .text.ADC_Enable
                0x08001944       0xb4 ./Drivers/STM32F1xx_HAL_Driver/Src/stm32f1xx_hal_adc.o
                0x08001944                ADC_Enable
 .text.ADC_ConversionStop_Disable
                0x080019f8       0x82 ./Drivers/STM32F1xx_HAL_Driver/Src/stm32f1xx_hal_adc.o
                0x080019f8                ADC_ConversionStop_Disable
 *fill*         0x08001a7a        0x2 
 .text.HAL_ADCEx_InjectedConfigChannel
                0x08001a7c      0x334 ./Drivers/STM32F1xx_HAL_Driver/Src/stm32f1xx_hal_adc_ex.o
                0x08001a7c                HAL_ADCEx_InjectedConfigChannel
 .text.HAL_CAN_Init
                0x08001db0      0x1f6 ./Drivers/STM32F1xx_HAL_Driver/Src/stm32f1xx_hal_can.o
                0x08001db0                HAL_CAN_Init
 .text.HAL_CAN_ConfigFilter
                0x08001fa6      0x192 ./Drivers/STM32F1xx_HAL_Driver/Src/stm32f1xx_hal_can.o
                0x08001fa6                HAL_CAN_ConfigFilter
 .text.HAL_CAN_Start
                0x08002138       0x88 ./Drivers/STM32F1xx_HAL_Driver/Src/stm32f1xx_hal_can.o
                0x08002138                HAL_CAN_Start
 .text.HAL_CAN_AddTxMessage
                0x080021c0      0x19e ./Drivers/STM32F1xx_HAL_Driver/Src/stm32f1xx_hal_can.o
                0x080021c0                HAL_CAN_AddTxMessage
 .text.HAL_CAN_GetTxMailboxesFreeLevel
                0x0800235e       0x68 ./Drivers/STM32F1xx_HAL_Driver/Src/stm32f1xx_hal_can.o
                0x0800235e                HAL_CAN_GetTxMailboxesFreeLevel
 .text.HAL_CAN_GetRxMessage
                0x080023c6      0x242 ./Drivers/STM32F1xx_HAL_Driver/Src/stm32f1xx_hal_can.o
                0x080023c6                HAL_CAN_GetRxMessage
 .text.HAL_CAN_GetRxFifoFillLevel
                0x08002608       0x4e ./Drivers/STM32F1xx_HAL_Driver/Src/stm32f1xx_hal_can.o
                0x08002608                HAL_CAN_GetRxFifoFillLevel
 .text.HAL_CAN_IRQHandler
                0x08002656      0x36e ./Drivers/STM32F1xx_HAL_Driver/Src/stm32f1xx_hal_can.o
                0x08002656                HAL_CAN_IRQHandler
 .text.HAL_CAN_TxMailbox0CompleteCallback
                0x080029c4       0x12 ./Drivers/STM32F1xx_HAL_Driver/Src/stm32f1xx_hal_can.o
                0x080029c4                HAL_CAN_TxMailbox0CompleteCallback
 .text.HAL_CAN_TxMailbox1CompleteCallback
                0x080029d6       0x12 ./Drivers/STM32F1xx_HAL_Driver/Src/stm32f1xx_hal_can.o
                0x080029d6                HAL_CAN_TxMailbox1CompleteCallback
 .text.HAL_CAN_TxMailbox2CompleteCallback
                0x080029e8       0x12 ./Drivers/STM32F1xx_HAL_Driver/Src/stm32f1xx_hal_can.o
                0x080029e8                HAL_CAN_TxMailbox2CompleteCallback
 .text.HAL_CAN_TxMailbox0AbortCallback
                0x080029fa       0x12 ./Drivers/STM32F1xx_HAL_Driver/Src/stm32f1xx_hal_can.o
                0x080029fa                HAL_CAN_TxMailbox0AbortCallback
 .text.HAL_CAN_TxMailbox1AbortCallback
                0x08002a0c       0x12 ./Drivers/STM32F1xx_HAL_Driver/Src/stm32f1xx_hal_can.o
                0x08002a0c                HAL_CAN_TxMailbox1AbortCallback
 .text.HAL_CAN_TxMailbox2AbortCallback
                0x08002a1e       0x12 ./Drivers/STM32F1xx_HAL_Driver/Src/stm32f1xx_hal_can.o
                0x08002a1e                HAL_CAN_TxMailbox2AbortCallback
 .text.HAL_CAN_RxFifo0MsgPendingCallback
                0x08002a30       0x12 ./Drivers/STM32F1xx_HAL_Driver/Src/stm32f1xx_hal_can.o
                0x08002a30                HAL_CAN_RxFifo0MsgPendingCallback
 .text.HAL_CAN_RxFifo0FullCallback
                0x08002a42       0x12 ./Drivers/STM32F1xx_HAL_Driver/Src/stm32f1xx_hal_can.o
                0x08002a42                HAL_CAN_RxFifo0FullCallback
 .text.HAL_CAN_RxFifo1MsgPendingCallback
                0x08002a54       0x12 ./Drivers/STM32F1xx_HAL_Driver/Src/stm32f1xx_hal_can.o
                0x08002a54                HAL_CAN_RxFifo1MsgPendingCallback
 .text.HAL_CAN_RxFifo1FullCallback
                0x08002a66       0x12 ./Drivers/STM32F1xx_HAL_Driver/Src/stm32f1xx_hal_can.o
                0x08002a66                HAL_CAN_RxFifo1FullCallback
 .text.HAL_CAN_SleepCallback
                0x08002a78       0x12 ./Drivers/STM32F1xx_HAL_Driver/Src/stm32f1xx_hal_can.o
                0x08002a78                HAL_CAN_SleepCallback
 .text.HAL_CAN_WakeUpFromRxMsgCallback
                0x08002a8a       0x12 ./Drivers/STM32F1xx_HAL_Driver/Src/stm32f1xx_hal_can.o
                0x08002a8a                HAL_CAN_WakeUpFromRxMsgCallback
 .text.HAL_CAN_ErrorCallback
                0x08002a9c       0x12 ./Drivers/STM32F1xx_HAL_Driver/Src/stm32f1xx_hal_can.o
                0x08002a9c                HAL_CAN_ErrorCallback
 *fill*         0x08002aae        0x2 
 .text.__NVIC_SetPriorityGrouping
                0x08002ab0       0x48 ./Drivers/STM32F1xx_HAL_Driver/Src/stm32f1xx_hal_cortex.o
 .text.__NVIC_GetPriorityGrouping
                0x08002af8       0x1c ./Drivers/STM32F1xx_HAL_Driver/Src/stm32f1xx_hal_cortex.o
 .text.__NVIC_EnableIRQ
                0x08002b14       0x38 ./Drivers/STM32F1xx_HAL_Driver/Src/stm32f1xx_hal_cortex.o
 .text.__NVIC_SetPriority
                0x08002b4c       0x54 ./Drivers/STM32F1xx_HAL_Driver/Src/stm32f1xx_hal_cortex.o
 .text.NVIC_EncodePriority
                0x08002ba0       0x64 ./Drivers/STM32F1xx_HAL_Driver/Src/stm32f1xx_hal_cortex.o
 .text.SysTick_Config
                0x08002c04       0x44 ./Drivers/STM32F1xx_HAL_Driver/Src/stm32f1xx_hal_cortex.o
 .text.HAL_NVIC_SetPriorityGrouping
                0x08002c48       0x16 ./Drivers/STM32F1xx_HAL_Driver/Src/stm32f1xx_hal_cortex.o
                0x08002c48                HAL_NVIC_SetPriorityGrouping
 .text.HAL_NVIC_SetPriority
                0x08002c5e       0x38 ./Drivers/STM32F1xx_HAL_Driver/Src/stm32f1xx_hal_cortex.o
                0x08002c5e                HAL_NVIC_SetPriority
 .text.HAL_NVIC_EnableIRQ
                0x08002c96       0x1c ./Drivers/STM32F1xx_HAL_Driver/Src/stm32f1xx_hal_cortex.o
                0x08002c96                HAL_NVIC_EnableIRQ
 .text.HAL_SYSTICK_Config
                0x08002cb2       0x18 ./Drivers/STM32F1xx_HAL_Driver/Src/stm32f1xx_hal_cortex.o
                0x08002cb2                HAL_SYSTICK_Config
 *fill*         0x08002cca        0x2 
 .text.HAL_GPIO_Init
                0x08002ccc      0x308 ./Drivers/STM32F1xx_HAL_Driver/Src/stm32f1xx_hal_gpio.o
                0x08002ccc                HAL_GPIO_Init
 .text.HAL_GPIO_WritePin
                0x08002fd4       0x30 ./Drivers/STM32F1xx_HAL_Driver/Src/stm32f1xx_hal_gpio.o
                0x08002fd4                HAL_GPIO_WritePin
 .text.HAL_GPIO_TogglePin
                0x08003004       0x32 ./Drivers/STM32F1xx_HAL_Driver/Src/stm32f1xx_hal_gpio.o
                0x08003004                HAL_GPIO_TogglePin
 *fill*         0x08003036        0x2 
 .text.HAL_I2C_Init
                0x08003038      0x288 ./Drivers/STM32F1xx_HAL_Driver/Src/stm32f1xx_hal_i2c.o
                0x08003038                HAL_I2C_Init
 .text.HAL_I2C_Master_Transmit
                0x080032c0      0x1fc ./Drivers/STM32F1xx_HAL_Driver/Src/stm32f1xx_hal_i2c.o
                0x080032c0                HAL_I2C_Master_Transmit
 .text.I2C_MasterRequestWrite
                0x080034bc      0x104 ./Drivers/STM32F1xx_HAL_Driver/Src/stm32f1xx_hal_i2c.o
 .text.I2C_WaitOnFlagUntilTimeout
                0x080035c0       0xf4 ./Drivers/STM32F1xx_HAL_Driver/Src/stm32f1xx_hal_i2c.o
 .text.I2C_WaitOnMasterAddressFlagUntilTimeout
                0x080036b4      0x140 ./Drivers/STM32F1xx_HAL_Driver/Src/stm32f1xx_hal_i2c.o
 .text.I2C_WaitOnTXEFlagUntilTimeout
                0x080037f4       0x90 ./Drivers/STM32F1xx_HAL_Driver/Src/stm32f1xx_hal_i2c.o
 .text.I2C_WaitOnBTFFlagUntilTimeout
                0x08003884       0x90 ./Drivers/STM32F1xx_HAL_Driver/Src/stm32f1xx_hal_i2c.o
 .text.I2C_IsAcknowledgeFailed
                0x08003914       0x5c ./Drivers/STM32F1xx_HAL_Driver/Src/stm32f1xx_hal_i2c.o
 .text.HAL_PCD_Init
                0x08003970      0x1ec ./Drivers/STM32F1xx_HAL_Driver/Src/stm32f1xx_hal_pcd.o
                0x08003970                HAL_PCD_Init
 .text.HAL_PCD_Start
                0x08003b5c       0x4c ./Drivers/STM32F1xx_HAL_Driver/Src/stm32f1xx_hal_pcd.o
                0x08003b5c                HAL_PCD_Start
 .text.HAL_PCD_IRQHandler
                0x08003ba8      0x260 ./Drivers/STM32F1xx_HAL_Driver/Src/stm32f1xx_hal_pcd.o
                0x08003ba8                HAL_PCD_IRQHandler
 .text.HAL_PCD_SetAddress
                0x08003e08       0x48 ./Drivers/STM32F1xx_HAL_Driver/Src/stm32f1xx_hal_pcd.o
                0x08003e08                HAL_PCD_SetAddress
 .text.HAL_PCD_EP_Open
                0x08003e50       0xba ./Drivers/STM32F1xx_HAL_Driver/Src/stm32f1xx_hal_pcd.o
                0x08003e50                HAL_PCD_EP_Open
 .text.HAL_PCD_EP_Close
                0x08003f0a       0x90 ./Drivers/STM32F1xx_HAL_Driver/Src/stm32f1xx_hal_pcd.o
                0x08003f0a                HAL_PCD_EP_Close
 .text.HAL_PCD_EP_Receive
                0x08003f9a       0x62 ./Drivers/STM32F1xx_HAL_Driver/Src/stm32f1xx_hal_pcd.o
                0x08003f9a                HAL_PCD_EP_Receive
 .text.HAL_PCD_EP_GetRxCount
                0x08003ffc       0x2e ./Drivers/STM32F1xx_HAL_Driver/Src/stm32f1xx_hal_pcd.o
                0x08003ffc                HAL_PCD_EP_GetRxCount
 .text.HAL_PCD_EP_Transmit
                0x0800402a       0x6e ./Drivers/STM32F1xx_HAL_Driver/Src/stm32f1xx_hal_pcd.o
                0x0800402a                HAL_PCD_EP_Transmit
 .text.HAL_PCD_EP_SetStall
                0x08004098       0xc0 ./Drivers/STM32F1xx_HAL_Driver/Src/stm32f1xx_hal_pcd.o
                0x08004098                HAL_PCD_EP_SetStall
 .text.HAL_PCD_EP_ClrStall
                0x08004158       0xa8 ./Drivers/STM32F1xx_HAL_Driver/Src/stm32f1xx_hal_pcd.o
                0x08004158                HAL_PCD_EP_ClrStall
 .text.PCD_EP_ISR_Handler
                0x08004200      0x79e ./Drivers/STM32F1xx_HAL_Driver/Src/stm32f1xx_hal_pcd.o
 .text.HAL_PCD_EP_DB_Receive
                0x0800499e      0x21a ./Drivers/STM32F1xx_HAL_Driver/Src/stm32f1xx_hal_pcd.o
 .text.HAL_PCD_EP_DB_Transmit
                0x08004bb8      0x7f4 ./Drivers/STM32F1xx_HAL_Driver/Src/stm32f1xx_hal_pcd.o
 .text.HAL_PCDEx_PMAConfig
                0x080053ac       0x84 ./Drivers/STM32F1xx_HAL_Driver/Src/stm32f1xx_hal_pcd_ex.o
                0x080053ac                HAL_PCDEx_PMAConfig
 .text.HAL_RCC_OscConfig
                0x08005430      0x504 ./Drivers/STM32F1xx_HAL_Driver/Src/stm32f1xx_hal_rcc.o
                0x08005430                HAL_RCC_OscConfig
 .text.HAL_RCC_ClockConfig
                0x08005934      0x1d4 ./Drivers/STM32F1xx_HAL_Driver/Src/stm32f1xx_hal_rcc.o
                0x08005934                HAL_RCC_ClockConfig
 .text.HAL_RCC_GetSysClockFreq
                0x08005b08       0xa8 ./Drivers/STM32F1xx_HAL_Driver/Src/stm32f1xx_hal_rcc.o
                0x08005b08                HAL_RCC_GetSysClockFreq
 .text.HAL_RCC_GetHCLKFreq
                0x08005bb0       0x14 ./Drivers/STM32F1xx_HAL_Driver/Src/stm32f1xx_hal_rcc.o
                0x08005bb0                HAL_RCC_GetHCLKFreq
 .text.HAL_RCC_GetPCLK1Freq
                0x08005bc4       0x28 ./Drivers/STM32F1xx_HAL_Driver/Src/stm32f1xx_hal_rcc.o
                0x08005bc4                HAL_RCC_GetPCLK1Freq
 .text.HAL_RCC_GetPCLK2Freq
                0x08005bec       0x28 ./Drivers/STM32F1xx_HAL_Driver/Src/stm32f1xx_hal_rcc.o
                0x08005bec                HAL_RCC_GetPCLK2Freq
 .text.RCC_Delay
                0x08005c14       0x3c ./Drivers/STM32F1xx_HAL_Driver/Src/stm32f1xx_hal_rcc.o
 .text.HAL_RCCEx_PeriphCLKConfig
                0x08005c50      0x16c ./Drivers/STM32F1xx_HAL_Driver/Src/stm32f1xx_hal_rcc_ex.o
                0x08005c50                HAL_RCCEx_PeriphCLKConfig
 .text.HAL_RCCEx_GetPeriphCLKFreq
                0x08005dbc      0x16c ./Drivers/STM32F1xx_HAL_Driver/Src/stm32f1xx_hal_rcc_ex.o
                0x08005dbc                HAL_RCCEx_GetPeriphCLKFreq
 .text.HAL_SPI_Init
                0x08005f28      0x108 ./Drivers/STM32F1xx_HAL_Driver/Src/stm32f1xx_hal_spi.o
                0x08005f28                HAL_SPI_Init
 .text.HAL_TIM_Base_Init
                0x08006030       0x9e ./Drivers/STM32F1xx_HAL_Driver/Src/stm32f1xx_hal_tim.o
                0x08006030                HAL_TIM_Base_Init
 *fill*         0x080060ce        0x2 
 .text.HAL_TIM_Base_Start_IT
                0x080060d0       0xa4 ./Drivers/STM32F1xx_HAL_Driver/Src/stm32f1xx_hal_tim.o
                0x080060d0                HAL_TIM_Base_Start_IT
 .text.HAL_TIM_IRQHandler
                0x08006174      0x1e0 ./Drivers/STM32F1xx_HAL_Driver/Src/stm32f1xx_hal_tim.o
                0x08006174                HAL_TIM_IRQHandler
 .text.HAL_TIM_ConfigClockSource
                0x08006354      0x18e ./Drivers/STM32F1xx_HAL_Driver/Src/stm32f1xx_hal_tim.o
                0x08006354                HAL_TIM_ConfigClockSource
 .text.HAL_TIM_OC_DelayElapsedCallback
                0x080064e2       0x12 ./Drivers/STM32F1xx_HAL_Driver/Src/stm32f1xx_hal_tim.o
                0x080064e2                HAL_TIM_OC_DelayElapsedCallback
 .text.HAL_TIM_IC_CaptureCallback
                0x080064f4       0x12 ./Drivers/STM32F1xx_HAL_Driver/Src/stm32f1xx_hal_tim.o
                0x080064f4                HAL_TIM_IC_CaptureCallback
 .text.HAL_TIM_PWM_PulseFinishedCallback
                0x08006506       0x12 ./Drivers/STM32F1xx_HAL_Driver/Src/stm32f1xx_hal_tim.o
                0x08006506                HAL_TIM_PWM_PulseFinishedCallback
 .text.HAL_TIM_TriggerCallback
                0x08006518       0x12 ./Drivers/STM32F1xx_HAL_Driver/Src/stm32f1xx_hal_tim.o
                0x08006518                HAL_TIM_TriggerCallback
 *fill*         0x0800652a        0x2 
 .text.TIM_Base_SetConfig
                0x0800652c       0xdc ./Drivers/STM32F1xx_HAL_Driver/Src/stm32f1xx_hal_tim.o
                0x0800652c                TIM_Base_SetConfig
 .text.TIM_TI1_ConfigInputStage
                0x08006608       0x5c ./Drivers/STM32F1xx_HAL_Driver/Src/stm32f1xx_hal_tim.o
 .text.TIM_TI2_ConfigInputStage
                0x08006664       0x5e ./Drivers/STM32F1xx_HAL_Driver/Src/stm32f1xx_hal_tim.o
 .text.TIM_ITRx_SetConfig
                0x080066c2       0x34 ./Drivers/STM32F1xx_HAL_Driver/Src/stm32f1xx_hal_tim.o
 .text.TIM_ETR_SetConfig
                0x080066f6       0x3e ./Drivers/STM32F1xx_HAL_Driver/Src/stm32f1xx_hal_tim.o
                0x080066f6                TIM_ETR_SetConfig
 .text.HAL_TIMEx_MasterConfigSynchronization
                0x08006734       0xbc ./Drivers/STM32F1xx_HAL_Driver/Src/stm32f1xx_hal_tim_ex.o
                0x08006734                HAL_TIMEx_MasterConfigSynchronization
 .text.HAL_TIMEx_CommutCallback
                0x080067f0       0x12 ./Drivers/STM32F1xx_HAL_Driver/Src/stm32f1xx_hal_tim_ex.o
                0x080067f0                HAL_TIMEx_CommutCallback
 .text.HAL_TIMEx_BreakCallback
                0x08006802       0x12 ./Drivers/STM32F1xx_HAL_Driver/Src/stm32f1xx_hal_tim_ex.o
                0x08006802                HAL_TIMEx_BreakCallback
 .text.HAL_UART_Init
                0x08006814       0xa0 ./Drivers/STM32F1xx_HAL_Driver/Src/stm32f1xx_hal_uart.o
                0x08006814                HAL_UART_Init
 .text.HAL_UART_Transmit
                0x080068b4      0x116 ./Drivers/STM32F1xx_HAL_Driver/Src/stm32f1xx_hal_uart.o
                0x080068b4                HAL_UART_Transmit
 .text.UART_WaitOnFlagUntilTimeout
                0x080069ca       0xb2 ./Drivers/STM32F1xx_HAL_Driver/Src/stm32f1xx_hal_uart.o
 .text.UART_EndRxTransfer
                0x08006a7c       0xc4 ./Drivers/STM32F1xx_HAL_Driver/Src/stm32f1xx_hal_uart.o
 .text.UART_SetConfig
                0x08006b40      0x11c ./Drivers/STM32F1xx_HAL_Driver/Src/stm32f1xx_hal_uart.o
 .text.USB_CoreInit
                0x08006c5c       0x1a ./Drivers/STM32F1xx_HAL_Driver/Src/stm32f1xx_ll_usb.o
                0x08006c5c                USB_CoreInit
 .text.USB_EnableGlobalInt
                0x08006c76       0x2c ./Drivers/STM32F1xx_HAL_Driver/Src/stm32f1xx_ll_usb.o
                0x08006c76                USB_EnableGlobalInt
 .text.USB_DisableGlobalInt
                0x08006ca2       0x34 ./Drivers/STM32F1xx_HAL_Driver/Src/stm32f1xx_ll_usb.o
                0x08006ca2                USB_DisableGlobalInt
 .text.USB_SetCurrentMode
                0x08006cd6       0x18 ./Drivers/STM32F1xx_HAL_Driver/Src/stm32f1xx_ll_usb.o
                0x08006cd6                USB_SetCurrentMode
 .text.USB_DevInit
                0x08006cee       0x3a ./Drivers/STM32F1xx_HAL_Driver/Src/stm32f1xx_ll_usb.o
                0x08006cee                USB_DevInit
 .text.USB_ActivateEndpoint
                0x08006d28      0x780 ./Drivers/STM32F1xx_HAL_Driver/Src/stm32f1xx_ll_usb.o
                0x08006d28                USB_ActivateEndpoint
 .text.USB_DeactivateEndpoint
                0x080074a8      0x3d8 ./Drivers/STM32F1xx_HAL_Driver/Src/stm32f1xx_ll_usb.o
                0x080074a8                USB_DeactivateEndpoint
 .text.USB_EPStartXfer
                0x08007880     0x1762 ./Drivers/STM32F1xx_HAL_Driver/Src/stm32f1xx_ll_usb.o
                0x08007880                USB_EPStartXfer
 .text.USB_EPSetStall
                0x08008fe2       0xa0 ./Drivers/STM32F1xx_HAL_Driver/Src/stm32f1xx_ll_usb.o
                0x08008fe2                USB_EPSetStall
 .text.USB_EPClearStall
                0x08009082      0x15a ./Drivers/STM32F1xx_HAL_Driver/Src/stm32f1xx_ll_usb.o
                0x08009082                USB_EPClearStall
 .text.USB_SetDevAddress
                0x080091dc       0x26 ./Drivers/STM32F1xx_HAL_Driver/Src/stm32f1xx_ll_usb.o
                0x080091dc                USB_SetDevAddress
 .text.USB_DevConnect
                0x08009202       0x14 ./Drivers/STM32F1xx_HAL_Driver/Src/stm32f1xx_ll_usb.o
                0x08009202                USB_DevConnect
 .text.USB_DevDisconnect
                0x08009216       0x14 ./Drivers/STM32F1xx_HAL_Driver/Src/stm32f1xx_ll_usb.o
                0x08009216                USB_DevDisconnect
 .text.USB_ReadInterrupts
                0x0800922a       0x1e ./Drivers/STM32F1xx_HAL_Driver/Src/stm32f1xx_ll_usb.o
                0x0800922a                USB_ReadInterrupts
 .text.USB_EP0_OutStart
                0x08009248       0x16 ./Drivers/STM32F1xx_HAL_Driver/Src/stm32f1xx_ll_usb.o
                0x08009248                USB_EP0_OutStart
 .text.USB_WritePMA
                0x0800925e       0x8c ./Drivers/STM32F1xx_HAL_Driver/Src/stm32f1xx_ll_usb.o
                0x0800925e                USB_WritePMA
 .text.USB_ReadPMA
                0x080092ea       0x9e ./Drivers/STM32F1xx_HAL_Driver/Src/stm32f1xx_ll_usb.o
                0x080092ea                USB_ReadPMA
 .text.USBD_CDC_Init
                0x08009388       0xf4 ./Middlewares/ST/STM32_USB_Device_Library/Class/CDC/Src/usbd_cdc.o
 .text.USBD_CDC_DeInit
                0x0800947c       0x6e ./Middlewares/ST/STM32_USB_Device_Library/Class/CDC/Src/usbd_cdc.o
 .text.USBD_CDC_Setup
                0x080094ea      0x146 ./Middlewares/ST/STM32_USB_Device_Library/Class/CDC/Src/usbd_cdc.o
 .text.USBD_CDC_DataIn
                0x08009630       0xa6 ./Middlewares/ST/STM32_USB_Device_Library/Class/CDC/Src/usbd_cdc.o
 .text.USBD_CDC_DataOut
                0x080096d6       0x56 ./Middlewares/ST/STM32_USB_Device_Library/Class/CDC/Src/usbd_cdc.o
 .text.USBD_CDC_EP0_RxReady
                0x0800972c       0x4e ./Middlewares/ST/STM32_USB_Device_Library/Class/CDC/Src/usbd_cdc.o
 *fill*         0x0800977a        0x2 
 .text.USBD_CDC_GetFSCfgDesc
                0x0800977c       0x20 ./Middlewares/ST/STM32_USB_Device_Library/Class/CDC/Src/usbd_cdc.o
 .text.USBD_CDC_GetHSCfgDesc
                0x0800979c       0x20 ./Middlewares/ST/STM32_USB_Device_Library/Class/CDC/Src/usbd_cdc.o
 .text.USBD_CDC_GetOtherSpeedCfgDesc
                0x080097bc       0x20 ./Middlewares/ST/STM32_USB_Device_Library/Class/CDC/Src/usbd_cdc.o
 .text.USBD_CDC_GetDeviceQualifierDescriptor
                0x080097dc       0x20 ./Middlewares/ST/STM32_USB_Device_Library/Class/CDC/Src/usbd_cdc.o
                0x080097dc                USBD_CDC_GetDeviceQualifierDescriptor
 .text.USBD_CDC_RegisterInterface
                0x080097fc       0x2c ./Middlewares/ST/STM32_USB_Device_Library/Class/CDC/Src/usbd_cdc.o
                0x080097fc                USBD_CDC_RegisterInterface
 .text.USBD_CDC_SetTxBuffer
                0x08009828       0x32 ./Middlewares/ST/STM32_USB_Device_Library/Class/CDC/Src/usbd_cdc.o
                0x08009828                USBD_CDC_SetTxBuffer
 .text.USBD_CDC_SetRxBuffer
                0x0800985a       0x26 ./Middlewares/ST/STM32_USB_Device_Library/Class/CDC/Src/usbd_cdc.o
                0x0800985a                USBD_CDC_SetRxBuffer
 .text.USBD_CDC_ReceivePacket
                0x08009880       0x54 ./Middlewares/ST/STM32_USB_Device_Library/Class/CDC/Src/usbd_cdc.o
                0x08009880                USBD_CDC_ReceivePacket
 .text.USBD_Init
                0x080098d4       0x56 ./Middlewares/ST/STM32_USB_Device_Library/Core/Src/usbd_core.o
                0x080098d4                USBD_Init
 .text.USBD_RegisterClass
                0x0800992a       0x32 ./Middlewares/ST/STM32_USB_Device_Library/Core/Src/usbd_core.o
                0x0800992a                USBD_RegisterClass
 .text.USBD_Start
                0x0800995c       0x18 ./Middlewares/ST/STM32_USB_Device_Library/Core/Src/usbd_core.o
                0x0800995c                USBD_Start
 .text.USBD_RunTestMode
                0x08009974       0x14 ./Middlewares/ST/STM32_USB_Device_Library/Core/Src/usbd_core.o
                0x08009974                USBD_RunTestMode
 .text.USBD_SetClassConfig
                0x08009988       0x3e ./Middlewares/ST/STM32_USB_Device_Library/Core/Src/usbd_core.o
                0x08009988                USBD_SetClassConfig
 .text.USBD_ClrClassConfig
                0x080099c6       0x26 ./Middlewares/ST/STM32_USB_Device_Library/Core/Src/usbd_core.o
                0x080099c6                USBD_ClrClassConfig
 .text.USBD_LL_SetupStage
                0x080099ec       0x9a ./Middlewares/ST/STM32_USB_Device_Library/Core/Src/usbd_core.o
                0x080099ec                USBD_LL_SetupStage
 .text.USBD_LL_DataOutStage
                0x08009a86       0xe2 ./Middlewares/ST/STM32_USB_Device_Library/Core/Src/usbd_core.o
                0x08009a86                USBD_LL_DataOutStage
 .text.USBD_LL_DataInStage
                0x08009b68      0x14a ./Middlewares/ST/STM32_USB_Device_Library/Core/Src/usbd_core.o
                0x08009b68                USBD_LL_DataInStage
 .text.USBD_LL_Reset
                0x08009cb2       0x82 ./Middlewares/ST/STM32_USB_Device_Library/Core/Src/usbd_core.o
                0x08009cb2                USBD_LL_Reset
 .text.USBD_LL_SetSpeed
                0x08009d34       0x1e ./Middlewares/ST/STM32_USB_Device_Library/Core/Src/usbd_core.o
                0x08009d34                USBD_LL_SetSpeed
 .text.USBD_LL_Suspend
                0x08009d52       0x28 ./Middlewares/ST/STM32_USB_Device_Library/Core/Src/usbd_core.o
                0x08009d52                USBD_LL_Suspend
 .text.USBD_LL_Resume
                0x08009d7a       0x2a ./Middlewares/ST/STM32_USB_Device_Library/Core/Src/usbd_core.o
                0x08009d7a                USBD_LL_Resume
 .text.USBD_LL_SOF
                0x08009da4       0x34 ./Middlewares/ST/STM32_USB_Device_Library/Core/Src/usbd_core.o
                0x08009da4                USBD_LL_SOF
 .text.USBD_StdDevReq
                0x08009dd8       0xd4 ./Middlewares/ST/STM32_USB_Device_Library/Core/Src/usbd_ctlreq.o
                0x08009dd8                USBD_StdDevReq
 .text.USBD_StdItfReq
                0x08009eac       0x90 ./Middlewares/ST/STM32_USB_Device_Library/Core/Src/usbd_ctlreq.o
                0x08009eac                USBD_StdItfReq
 .text.USBD_StdEPReq
                0x08009f3c      0x2c6 ./Middlewares/ST/STM32_USB_Device_Library/Core/Src/usbd_ctlreq.o
                0x08009f3c                USBD_StdEPReq
 *fill*         0x0800a202        0x2 
 .text.USBD_GetDescriptor
                0x0800a204      0x2d0 ./Middlewares/ST/STM32_USB_Device_Library/Core/Src/usbd_ctlreq.o
 .text.USBD_SetAddress
                0x0800a4d4       0x86 ./Middlewares/ST/STM32_USB_Device_Library/Core/Src/usbd_ctlreq.o
 *fill*         0x0800a55a        0x2 
 .text.USBD_SetConfig
                0x0800a55c      0x11c ./Middlewares/ST/STM32_USB_Device_Library/Core/Src/usbd_ctlreq.o
 .text.USBD_GetConfig
                0x0800a678       0x6a ./Middlewares/ST/STM32_USB_Device_Library/Core/Src/usbd_ctlreq.o
 .text.USBD_GetStatus
                0x0800a6e2       0x66 ./Middlewares/ST/STM32_USB_Device_Library/Core/Src/usbd_ctlreq.o
 .text.USBD_SetFeature
                0x0800a748       0x28 ./Middlewares/ST/STM32_USB_Device_Library/Core/Src/usbd_ctlreq.o
 .text.USBD_ClrFeature
                0x0800a770       0x42 ./Middlewares/ST/STM32_USB_Device_Library/Core/Src/usbd_ctlreq.o
 .text.USBD_ParseSetupRequest
                0x0800a7b2       0x72 ./Middlewares/ST/STM32_USB_Device_Library/Core/Src/usbd_ctlreq.o
                0x0800a7b2                USBD_ParseSetupRequest
 .text.USBD_CtlError
                0x0800a824       0x22 ./Middlewares/ST/STM32_USB_Device_Library/Core/Src/usbd_ctlreq.o
                0x0800a824                USBD_CtlError
 .text.USBD_GetString
                0x0800a846       0x84 ./Middlewares/ST/STM32_USB_Device_Library/Core/Src/usbd_ctlreq.o
                0x0800a846                USBD_GetString
 .text.USBD_GetLen
                0x0800a8ca       0x2e ./Middlewares/ST/STM32_USB_Device_Library/Core/Src/usbd_ctlreq.o
 .text.USBD_CtlSendData
                0x0800a8f8       0x38 ./Middlewares/ST/STM32_USB_Device_Library/Core/Src/usbd_ioreq.o
                0x0800a8f8                USBD_CtlSendData
 .text.USBD_CtlContinueSendData
                0x0800a930       0x24 ./Middlewares/ST/STM32_USB_Device_Library/Core/Src/usbd_ioreq.o
                0x0800a930                USBD_CtlContinueSendData
 .text.USBD_CtlPrepareRx
                0x0800a954       0x3c ./Middlewares/ST/STM32_USB_Device_Library/Core/Src/usbd_ioreq.o
                0x0800a954                USBD_CtlPrepareRx
 .text.USBD_CtlContinueRx
                0x0800a990       0x24 ./Middlewares/ST/STM32_USB_Device_Library/Core/Src/usbd_ioreq.o
                0x0800a990                USBD_CtlContinueRx
 .text.USBD_CtlSendStatus
                0x0800a9b4       0x26 ./Middlewares/ST/STM32_USB_Device_Library/Core/Src/usbd_ioreq.o
                0x0800a9b4                USBD_CtlSendStatus
 .text.USBD_CtlReceiveStatus
                0x0800a9da       0x26 ./Middlewares/ST/STM32_USB_Device_Library/Core/Src/usbd_ioreq.o
                0x0800a9da                USBD_CtlReceiveStatus
 .text.MX_USB_DEVICE_Init
                0x0800aa00       0x60 ./USB_DEVICE/App/usb_device.o
                0x0800aa00                MX_USB_DEVICE_Init
 .text.CDC_Init_FS
                0x0800aa60       0x28 ./USB_DEVICE/App/usbd_cdc_if.o
 .text.CDC_DeInit_FS
                0x0800aa88        0xe ./USB_DEVICE/App/usbd_cdc_if.o
 *fill*         0x0800aa96        0x2 
 .text.CDC_Control_FS
                0x0800aa98       0xbc ./USB_DEVICE/App/usbd_cdc_if.o
 .text.CDC_Receive_FS
                0x0800ab54       0x28 ./USB_DEVICE/App/usbd_cdc_if.o
 .text.USBD_FS_DeviceDescriptor
                0x0800ab7c       0x24 ./USB_DEVICE/App/usbd_desc.o
                0x0800ab7c                USBD_FS_DeviceDescriptor
 .text.USBD_FS_LangIDStrDescriptor
                0x0800aba0       0x24 ./USB_DEVICE/App/usbd_desc.o
                0x0800aba0                USBD_FS_LangIDStrDescriptor
 .text.USBD_FS_ProductStrDescriptor
                0x0800abc4       0x3c ./USB_DEVICE/App/usbd_desc.o
                0x0800abc4                USBD_FS_ProductStrDescriptor
 .text.USBD_FS_ManufacturerStrDescriptor
                0x0800ac00       0x28 ./USB_DEVICE/App/usbd_desc.o
                0x0800ac00                USBD_FS_ManufacturerStrDescriptor
 .text.USBD_FS_SerialStrDescriptor
                0x0800ac28       0x24 ./USB_DEVICE/App/usbd_desc.o
                0x0800ac28                USBD_FS_SerialStrDescriptor
 .text.USBD_FS_ConfigStrDescriptor
                0x0800ac4c       0x3c ./USB_DEVICE/App/usbd_desc.o
                0x0800ac4c                USBD_FS_ConfigStrDescriptor
 .text.USBD_FS_InterfaceStrDescriptor
                0x0800ac88       0x3c ./USB_DEVICE/App/usbd_desc.o
                0x0800ac88                USBD_FS_InterfaceStrDescriptor
 .text.Get_SerialNum
                0x0800acc4       0x58 ./USB_DEVICE/App/usbd_desc.o
 .text.IntToUnicode
                0x0800ad1c       0x7c ./USB_DEVICE/App/usbd_desc.o
 .text.HAL_PCD_MspInit
                0x0800ad98       0x4c ./USB_DEVICE/Target/usbd_conf.o
                0x0800ad98                HAL_PCD_MspInit
 .text.HAL_PCD_SetupStageCallback
                0x0800ade4       0x24 ./USB_DEVICE/Target/usbd_conf.o
                0x0800ade4                HAL_PCD_SetupStageCallback
 .text.HAL_PCD_DataOutStageCallback
                0x0800ae08       0x36 ./USB_DEVICE/Target/usbd_conf.o
                0x0800ae08                HAL_PCD_DataOutStageCallback
 .text.HAL_PCD_DataInStageCallback
                0x0800ae3e       0x34 ./USB_DEVICE/Target/usbd_conf.o
                0x0800ae3e                HAL_PCD_DataInStageCallback
 .text.HAL_PCD_SOFCallback
                0x0800ae72       0x1c ./USB_DEVICE/Target/usbd_conf.o
                0x0800ae72                HAL_PCD_SOFCallback
 .text.HAL_PCD_ResetCallback
                0x0800ae8e       0x3c ./USB_DEVICE/Target/usbd_conf.o
                0x0800ae8e                HAL_PCD_ResetCallback
 *fill*         0x0800aeca        0x2 
 .text.HAL_PCD_SuspendCallback
                0x0800aecc       0x34 ./USB_DEVICE/Target/usbd_conf.o
                0x0800aecc                HAL_PCD_SuspendCallback
 .text.HAL_PCD_ResumeCallback
                0x0800af00       0x1c ./USB_DEVICE/Target/usbd_conf.o
                0x0800af00                HAL_PCD_ResumeCallback
 .text.USBD_LL_Init
                0x0800af1c       0xb4 ./USB_DEVICE/Target/usbd_conf.o
                0x0800af1c                USBD_LL_Init
 .text.USBD_LL_Start
                0x0800afd0       0x36 ./USB_DEVICE/Target/usbd_conf.o
                0x0800afd0                USBD_LL_Start
 .text.USBD_LL_OpenEP
                0x0800b006       0x4c ./USB_DEVICE/Target/usbd_conf.o
                0x0800b006                USBD_LL_OpenEP
 .text.USBD_LL_CloseEP
                0x0800b052       0x3e ./USB_DEVICE/Target/usbd_conf.o
                0x0800b052                USBD_LL_CloseEP
 .text.USBD_LL_StallEP
                0x0800b090       0x3e ./USB_DEVICE/Target/usbd_conf.o
                0x0800b090                USBD_LL_StallEP
 .text.USBD_LL_ClearStallEP
                0x0800b0ce       0x3e ./USB_DEVICE/Target/usbd_conf.o
                0x0800b0ce                USBD_LL_ClearStallEP
 .text.USBD_LL_IsStallEP
                0x0800b10c       0x56 ./USB_DEVICE/Target/usbd_conf.o
                0x0800b10c                USBD_LL_IsStallEP
 .text.USBD_LL_SetUSBAddress
                0x0800b162       0x3e ./USB_DEVICE/Target/usbd_conf.o
                0x0800b162                USBD_LL_SetUSBAddress
 .text.USBD_LL_Transmit
                0x0800b1a0       0x46 ./USB_DEVICE/Target/usbd_conf.o
                0x0800b1a0                USBD_LL_Transmit
 .text.USBD_LL_PrepareReceive
                0x0800b1e6       0x46 ./USB_DEVICE/Target/usbd_conf.o
                0x0800b1e6                USBD_LL_PrepareReceive
 .text.USBD_LL_GetRxDataSize
                0x0800b22c       0x26 ./USB_DEVICE/Target/usbd_conf.o
                0x0800b22c                USBD_LL_GetRxDataSize
 *fill*         0x0800b252        0x2 
 .text.USBD_static_malloc
                0x0800b254       0x18 ./USB_DEVICE/Target/usbd_conf.o
                0x0800b254                USBD_static_malloc
 .text.USBD_static_free
                0x0800b26c       0x12 ./USB_DEVICE/Target/usbd_conf.o
                0x0800b26c                USBD_static_free
 .text.HAL_PCDEx_SetConnectionState
                0x0800b27e       0x16 ./USB_DEVICE/Target/usbd_conf.o
                0x0800b27e                HAL_PCDEx_SetConnectionState
 .text.USBD_Get_USB_Status
                0x0800b294       0x58 ./USB_DEVICE/Target/usbd_conf.o
 .text.UpdateSchFlag
                0x0800b2ec       0x38 ./os/os.o
                0x0800b2ec                UpdateSchFlag
 .text.UpdateOsCounters
                0x0800b324       0x1c ./os/os.o
                0x0800b324                UpdateOsCounters
 .text.OsDispatch
                0x0800b340       0x54 ./os/os.o
                0x0800b340                OsDispatch
 .text.SetOsState
                0x0800b394       0x20 ./os/os.o
                0x0800b394                SetOsState
 .text.ActivateAutoStartedTasks
                0x0800b3b4       0x3c ./os/os.o
                0x0800b3b4                ActivateAutoStartedTasks
 .text.OsInit   0x0800b3f0       0x38 ./os/os.o
                0x0800b3f0                OsInit
 .text.OsSchedule
                0x0800b428       0x88 ./os/os.o
                0x0800b428                OsSchedule
 .text.Os_Start
                0x0800b4b0       0x2c ./os/os.o
                0x0800b4b0                Os_Start
 .text.Os_Tick  0x0800b4dc       0x18 ./os/os.o
                0x0800b4dc                Os_Tick
 .text.Os_SortReadyQueue
                0x0800b4f4       0xd0 ./os/os.o
                0x0800b4f4                Os_SortReadyQueue
 .text.Os_UpdateAlarms
                0x0800b5c4       0x20 ./os/os_alarms.o
                0x0800b5c4                Os_UpdateAlarms
 .text.Os_InitEvtQueue
                0x0800b5e4       0x46 ./os/os_ipc.o
                0x0800b5e4                Os_InitEvtQueue
 .text.Os_IsEvtQueueEmpty
                0x0800b62a       0x26 ./os/os_ipc.o
                0x0800b62a                Os_IsEvtQueueEmpty
 .text.Os_IsEvtQueueFull
                0x0800b650       0x2a ./os/os_ipc.o
                0x0800b650                Os_IsEvtQueueFull
 .text.Os_GetQueueItemCount
                0x0800b67a       0x1c ./os/os_ipc.o
                0x0800b67a                Os_GetQueueItemCount
 .text.Os_QueueInsert
                0x0800b696       0x86 ./os/os_ipc.o
                0x0800b696                Os_QueueInsert
 .text.Os_QueueExtractAndShift
                0x0800b71c       0x9e ./os/os_ipc.o
                0x0800b71c                Os_QueueExtractAndShift
 *fill*         0x0800b7ba        0x2 
 .text.Os_UpdateSchedTable
                0x0800b7bc      0x124 ./os/os_sched_tbl.o
                0x0800b7bc                Os_UpdateSchedTable
 .text.Os_ActivateTask
                0x0800b8e0       0xcc ./os/os_task.o
                0x0800b8e0                Os_ActivateTask
 .text.Os_TerminateTask
                0x0800b9ac       0x5c ./os/os_task.o
                0x0800b9ac                Os_TerminateTask
 .text.CAN_SendMessage
                0x0800ba08       0xa4 ./os_integration/chaos_demo_tasks.o
                0x0800ba08                CAN_SendMessage
 .text.uart3_send_string
                0x0800baac       0x2c ./os_integration/chaos_demo_tasks.o
                0x0800baac                uart3_send_string
 .text.uart1_send_string
                0x0800bad8       0x2c ./os_integration/chaos_demo_tasks.o
                0x0800bad8                uart1_send_string
 .text.CAN_Task
                0x0800bb04      0x158 ./os_integration/chaos_demo_tasks.o
                0x0800bb04                CAN_Task
 .text.RS485_Task
                0x0800bc5c       0x34 ./os_integration/chaos_demo_tasks.o
                0x0800bc5c                RS485_Task
 .text.LED_Task
                0x0800bc90       0x28 ./os_integration/chaos_demo_tasks.o
                0x0800bc90                LED_Task
 .text.Readings_Task
                0x0800bcb8       0xf0 ./os_integration/chaos_demo_tasks.o
                0x0800bcb8                Readings_Task
 .text.OLED_Task
                0x0800bda8       0x30 ./os_integration/chaos_demo_tasks.o
                0x0800bda8                OLED_Task
 .text.Serial_Task
                0x0800bdd8       0x18 ./os_integration/chaos_demo_tasks.o
                0x0800bdd8                Serial_Task
 .text.User_StartupHook
                0x0800bdf0        0xc ./os_integration/chaos_hooks.o
                0x0800bdf0                User_StartupHook
 .text.ssd1306_write_cmd
                0x0800bdfc       0x34 ./os_integration/ssd1306.o
 .text.ssd1306_write_data
                0x0800be30       0x7c ./os_integration/ssd1306.o
 .text.font_get
                0x0800beac       0x3c ./os_integration/ssd1306.o
 .text.ssd1306_clear
                0x0800bee8       0x30 ./os_integration/ssd1306.o
                0x0800bee8                ssd1306_clear
 .text.ssd1306_set_cursor
                0x0800bf18       0x2a ./os_integration/ssd1306.o
                0x0800bf18                ssd1306_set_cursor
 .text.ssd1306_draw_pixel
                0x0800bf42       0x96 ./os_integration/ssd1306.o
                0x0800bf42                ssd1306_draw_pixel
 .text.ssd1306_write_char
                0x0800bfd8       0xf2 ./os_integration/ssd1306.o
                0x0800bfd8                ssd1306_write_char
 .text.ssd1306_write_string
                0x0800c0ca       0x34 ./os_integration/ssd1306.o
                0x0800c0ca                ssd1306_write_string
 .text.ssd1306_init
                0x0800c0fe      0x24c ./os_integration/ssd1306.o
                0x0800c0fe                ssd1306_init
 .text.ssd1306_update
                0x0800c34a       0xa6 ./os_integration/ssd1306.o
                0x0800c34a                ssd1306_update
 .text.memset   0x0800c3f0       0x10 C:/ST/STM32CubeIDE_2.0.0/STM32CubeIDE/plugins/com.st.stm32cube.ide.mcu.externaltools.gnu-tools-for-stm32.13.3.rel1.win32_1.0.100.202509120712/tools/bin/../lib/gcc/arm-none-eabi/13.3.1/../../../../arm-none-eabi/lib/thumb/v7-m/nofp\libc_nano.a(libc_a-memset.o)
                0x0800c3f0                memset
 .text.__libc_init_array
                0x0800c400       0x48 C:/ST/STM32CubeIDE_2.0.0/STM32CubeIDE/plugins/com.st.stm32cube.ide.mcu.externaltools.gnu-tools-for-stm32.13.3.rel1.win32_1.0.100.202509120712/tools/bin/../lib/gcc/arm-none-eabi/13.3.1/../../../../arm-none-eabi/lib/thumb/v7-m/nofp\libc_nano.a(libc_a-init.o)
                0x0800c400                __libc_init_array
 .text.memcpy   0x0800c448       0x1c C:/ST/STM32CubeIDE_2.0.0/STM32CubeIDE/plugins/com.st.stm32cube.ide.mcu.externaltools.gnu-tools-for-stm32.13.3.rel1.win32_1.0.100.202509120712/tools/bin/../lib/gcc/arm-none-eabi/13.3.1/../../../../arm-none-eabi/lib/thumb/v7-m/nofp\libc_nano.a(libc_a-memcpy-stub.o)
                0x0800c448                memcpy
 *(.glue_7)
 .glue_7        0x0800c464        0x0 linker stubs
 *(.glue_7t)
 .glue_7t       0x0800c464        0x0 linker stubs
 *(.eh_frame)
 .eh_frame      0x0800c464        0x0 C:/ST/STM32CubeIDE_2.0.0/STM32CubeIDE/plugins/com.st.stm32cube.ide.mcu.externaltools.gnu-tools-for-stm32.13.3.rel1.win32_1.0.100.202509120712/tools/bin/../lib/gcc/arm-none-eabi/13.3.1/thumb/v7-m/nofp/crtbegin.o
 *(.init)
 .init          0x0800c464        0x4 C:/ST/STM32CubeIDE_2.0.0/STM32CubeIDE/plugins/com.st.stm32cube.ide.mcu.externaltools.gnu-tools-for-stm32.13.3.rel1.win32_1.0.100.202509120712/tools/bin/../lib/gcc/arm-none-eabi/13.3.1/thumb/v7-m/nofp/crti.o
                0x0800c464                _init
 .init          0x0800c468        0x8 C:/ST/STM32CubeIDE_2.0.0/STM32CubeIDE/plugins/com.st.stm32cube.ide.mcu.externaltools.gnu-tools-for-stm32.13.3.rel1.win32_1.0.100.202509120712/tools/bin/../lib/gcc/arm-none-eabi/13.3.1/thumb/v7-m/nofp/crtn.o
 *(.fini)
 .fini          0x0800c470        0x4 C:/ST/STM32CubeIDE_2.0.0/STM32CubeIDE/plugins/com.st.stm32cube.ide.mcu.externaltools.gnu-tools-for-stm32.13.3.rel1.win32_1.0.100.202509120712/tools/bin/../lib/gcc/arm-none-eabi/13.3.1/thumb/v7-m/nofp/crti.o
                0x0800c470                _fini
 .fini          0x0800c474        0x8 C:/ST/STM32CubeIDE_2.0.0/STM32CubeIDE/plugins/com.st.stm32cube.ide.mcu.externaltools.gnu-tools-for-stm32.13.3.rel1.win32_1.0.100.202509120712/tools/bin/../lib/gcc/arm-none-eabi/13.3.1/thumb/v7-m/nofp/crtn.o
                0x0800c47c                        . = ALIGN (0x4)
                0x0800c47c                        _etext = .

.vfp11_veneer   0x0800c47c        0x0
 .vfp11_veneer  0x0800c47c        0x0 linker stubs

.v4_bx          0x0800c47c        0x0
 .v4_bx         0x0800c47c        0x0 linker stubs

.iplt           0x0800c47c        0x0
 .iplt          0x0800c47c        0x0 C:/ST/STM32CubeIDE_2.0.0/STM32CubeIDE/plugins/com.st.stm32cube.ide.mcu.externaltools.gnu-tools-for-stm32.13.3.rel1.win32_1.0.100.202509120712/tools/bin/../lib/gcc/arm-none-eabi/13.3.1/thumb/v7-m/nofp/crtbegin.o

.rodata         0x0800c47c      0x2e8
                0x0800c47c                        . = ALIGN (0x4)
 *(.rodata)
 .rodata        0x0800c47c       0x2b ./Core/Src/main.o
 *fill*         0x0800c4a7        0x1 
 .rodata        0x0800c4a8       0x46 ./USB_DEVICE/App/usbd_desc.o
 *fill*         0x0800c4ee        0x2 
 .rodata        0x0800c4f0       0x50 ./os_integration/chaos_demo_tasks.o
 *(.rodata*)
 .rodata.AHBPrescTable
                0x0800c540       0x10 ./Core/Src/system_stm32f1xx.o
                0x0800c540                AHBPrescTable
 .rodata.APBPrescTable
                0x0800c550        0x8 ./Core/Src/system_stm32f1xx.o
                0x0800c550                APBPrescTable
 .rodata.aPLLMULFactorTable.1
                0x0800c558       0x10 ./Drivers/STM32F1xx_HAL_Driver/Src/stm32f1xx_hal_rcc.o
 .rodata.aPredivFactorTable.0
                0x0800c568        0x2 ./Drivers/STM32F1xx_HAL_Driver/Src/stm32f1xx_hal_rcc.o
 *fill*         0x0800c56a        0x2 
 .rodata.aPLLMULFactorTable.1
                0x0800c56c       0x10 ./Drivers/STM32F1xx_HAL_Driver/Src/stm32f1xx_hal_rcc_ex.o
 .rodata.aPredivFactorTable.0
                0x0800c57c        0x2 ./Drivers/STM32F1xx_HAL_Driver/Src/stm32f1xx_hal_rcc_ex.o
 .rodata.TaskNumber
                0x0800c57e        0x2 ./os_cfg/os_task_cfg.o
                0x0800c57e                TaskNumber
 .rodata.AutoStartTaskNumber
                0x0800c580        0x2 ./os_cfg/os_task_cfg.o
                0x0800c580                AutoStartTaskNumber
 *fill*         0x0800c582        0x2 
 .rodata.font5x7
                0x0800c584      0x1e0 ./os_integration/ssd1306.o
                0x0800c764                        . = ALIGN (0x4)

.ARM.extab      0x0800c764        0x0
                0x0800c764                        . = ALIGN (0x4)
 *(.ARM.extab* .gnu.linkonce.armextab.*)
                0x0800c764                        . = ALIGN (0x4)

.ARM            0x0800c764        0x8
                0x0800c764                        . = ALIGN (0x4)
                0x0800c764                        __exidx_start = .
 *(.ARM.exidx*)
 .ARM.exidx     0x0800c764        0x8 C:/ST/STM32CubeIDE_2.0.0/STM32CubeIDE/plugins/com.st.stm32cube.ide.mcu.externaltools.gnu-tools-for-stm32.13.3.rel1.win32_1.0.100.202509120712/tools/bin/../lib/gcc/arm-none-eabi/13.3.1/../../../../arm-none-eabi/lib/thumb/v7-m/nofp\libc_nano.a(libc_a-strlen.o)
                0x0800c76c                        __exidx_end = .
                0x0800c76c                        . = ALIGN (0x4)

.preinit_array  0x0800c76c        0x0
                0x0800c76c                        . = ALIGN (0x4)
                0x0800c76c                        PROVIDE (__preinit_array_start = .)
 *(.preinit_array*)
                0x0800c76c                        PROVIDE (__preinit_array_end = .)
                0x0800c76c                        . = ALIGN (0x4)

.init_array     0x0800c76c        0x4
                0x0800c76c                        . = ALIGN (0x4)
                0x0800c76c                        PROVIDE (__init_array_start = .)
 *(SORT_BY_NAME(.init_array.*))
 *(.init_array*)
 .init_array    0x0800c76c        0x4 C:/ST/STM32CubeIDE_2.0.0/STM32CubeIDE/plugins/com.st.stm32cube.ide.mcu.externaltools.gnu-tools-for-stm32.13.3.rel1.win32_1.0.100.202509120712/tools/bin/../lib/gcc/arm-none-eabi/13.3.1/thumb/v7-m/nofp/crtbegin.o
                0x0800c770                        PROVIDE (__init_array_end = .)
                0x0800c770                        . = ALIGN (0x4)

.fini_array     0x0800c770        0x4
                0x0800c770                        . = ALIGN (0x4)
                [!provide]                        PROVIDE (__fini_array_start = .)
 *(SORT_BY_NAME(.fini_array.*))
 *(.fini_array*)
 .fini_array    0x0800c770        0x4 C:/ST/STM32CubeIDE_2.0.0/STM32CubeIDE/plugins/com.st.stm32cube.ide.mcu.externaltools.gnu-tools-for-stm32.13.3.rel1.win32_1.0.100.202509120712/tools/bin/../lib/gcc/arm-none-eabi/13.3.1/thumb/v7-m/nofp/crtbegin.o
                [!provide]                        PROVIDE (__fini_array_end = .)
                0x0800c774                        . = ALIGN (0x4)
                0x0800c774                        _sidata = LOADADDR (.data)

.rel.dyn        0x0800c774        0x0
 .rel.iplt      0x0800c774        0x0 C:/ST/STM32CubeIDE_2.0.0/STM32CubeIDE/plugins/com.st.stm32cube.ide.mcu.externaltools.gnu-tools-for-stm32.13.3.rel1.win32_1.0.100.202509120712/tools/bin/../lib/gcc/arm-none-eabi/13.3.1/thumb/v7-m/nofp/crtbegin.o

.data           0x20000000      0x200 load address 0x0800c774
                0x20000000                        . = ALIGN (0x4)
                0x20000000                        _sdata = .
 *(.data)
 *(.data*)
 .data.SystemCoreClock
                0x20000000        0x4 ./Core/Src/system_stm32f1xx.o
                0x20000000                SystemCoreClock
 .data.uwTickPrio
                0x20000004        0x4 ./Drivers/STM32F1xx_HAL_Driver/Src/stm32f1xx_hal.o
                0x20000004                uwTickPrio
 .data.uwTickFreq
                0x20000008        0x1 ./Drivers/STM32F1xx_HAL_Driver/Src/stm32f1xx_hal.o
                0x20000008                uwTickFreq
 *fill*         0x20000009        0x3 
 .data.USBD_CDC_DeviceQualifierDesc
                0x2000000c        0xa ./Middlewares/ST/STM32_USB_Device_Library/Class/CDC/Src/usbd_cdc.o
 *fill*         0x20000016        0x2 
 .data.USBD_CDC
                0x20000018       0x38 ./Middlewares/ST/STM32_USB_Device_Library/Class/CDC/Src/usbd_cdc.o
                0x20000018                USBD_CDC
 .data.USBD_CDC_CfgHSDesc
                0x20000050       0x43 ./Middlewares/ST/STM32_USB_Device_Library/Class/CDC/Src/usbd_cdc.o
                0x20000050                USBD_CDC_CfgHSDesc
 *fill*         0x20000093        0x1 
 .data.USBD_CDC_CfgFSDesc
                0x20000094       0x43 ./Middlewares/ST/STM32_USB_Device_Library/Class/CDC/Src/usbd_cdc.o
                0x20000094                USBD_CDC_CfgFSDesc
 *fill*         0x200000d7        0x1 
 .data.USBD_CDC_OtherSpeedCfgDesc
                0x200000d8       0x43 ./Middlewares/ST/STM32_USB_Device_Library/Class/CDC/Src/usbd_cdc.o
                0x200000d8                USBD_CDC_OtherSpeedCfgDesc
 *fill*         0x2000011b        0x1 
 .data.USBD_Interface_fops_FS
                0x2000011c       0x10 ./USB_DEVICE/App/usbd_cdc_if.o
                0x2000011c                USBD_Interface_fops_FS
 .data.FS_Desc  0x2000012c       0x1c ./USB_DEVICE/App/usbd_desc.o
                0x2000012c                FS_Desc
 .data.USBD_FS_DeviceDesc
                0x20000148       0x12 ./USB_DEVICE/App/usbd_desc.o
                0x20000148                USBD_FS_DeviceDesc
 *fill*         0x2000015a        0x2 
 .data.USBD_LangIDDesc
                0x2000015c        0x4 ./USB_DEVICE/App/usbd_desc.o
                0x2000015c                USBD_LangIDDesc
 .data.USBD_StringSerial
                0x20000160       0x1a ./USB_DEVICE/App/usbd_desc.o
                0x20000160                USBD_StringSerial
 .data.MainSystemTimebaseFlag
                0x2000017a        0x1 ./os/os.o
                0x2000017a                MainSystemTimebaseFlag
 *fill*         0x2000017b        0x1 
 .data.SchedTable
                0x2000017c       0x30 ./os_cfg/os_sched_tbl_cfg.o
                0x2000017c                SchedTable
 .data.SchedTableList
                0x200001ac        0xc ./os_cfg/os_sched_tbl_cfg.o
                0x200001ac                SchedTableList
 .data.Tasks    0x200001b8       0x48 ./os_cfg/os_task_cfg.o
                0x200001b8                Tasks
 *(.RamFunc)
 *(.RamFunc*)
                0x20000200                        . = ALIGN (0x4)
                0x20000200                        _edata = .

.igot.plt       0x20000200        0x0 load address 0x0800c974
 .igot.plt      0x20000200        0x0 C:/ST/STM32CubeIDE_2.0.0/STM32CubeIDE/plugins/com.st.stm32cube.ide.mcu.externaltools.gnu-tools-for-stm32.13.3.rel1.win32_1.0.100.202509120712/tools/bin/../lib/gcc/arm-none-eabi/13.3.1/thumb/v7-m/nofp/crtbegin.o
                0x20000200                        . = ALIGN (0x4)

.bss            0x20000200     0x19cc load address 0x0800c974
                0x20000200                        _sbss = .
                0x20000200                        __bss_start__ = _sbss
 *(.bss)
 .bss           0x20000200       0x1c C:/ST/STM32CubeIDE_2.0.0/STM32CubeIDE/plugins/com.st.stm32cube.ide.mcu.externaltools.gnu-tools-for-stm32.13.3.rel1.win32_1.0.100.202509120712/tools/bin/../lib/gcc/arm-none-eabi/13.3.1/thumb/v7-m/nofp/crtbegin.o
 *(.bss*)
 .bss.hadc1     0x2000021c       0x30 ./Core/Src/main.o
                0x2000021c                hadc1
 .bss.hcan      0x2000024c       0x28 ./Core/Src/main.o
                0x2000024c                hcan
 .bss.hi2c1     0x20000274       0x54 ./Core/Src/main.o
                0x20000274                hi2c1
 .bss.hspi1     0x200002c8       0x58 ./Core/Src/main.o
                0x200002c8                hspi1
 .bss.htim2     0x20000320       0x48 ./Core/Src/main.o
                0x20000320                htim2
 .bss.huart1    0x20000368       0x48 ./Core/Src/main.o
                0x20000368                huart1
 .bss.huart3    0x200003b0       0x48 ./Core/Src/main.o
                0x200003b0                huart3
 .bss.oled      0x200003f8      0x408 ./Core/Src/main.o
                0x200003f8                oled
 .bss.uwTick    0x20000800        0x4 ./Drivers/STM32F1xx_HAL_Driver/Src/stm32f1xx_hal.o
                0x20000800                uwTick
 .bss.cfgidx.0  0x20000804        0x1 ./Middlewares/ST/STM32_USB_Device_Library/Core/Src/usbd_ctlreq.o
 *fill*         0x20000805        0x3 
 .bss.hUsbDeviceFS
                0x20000808      0x2c4 ./USB_DEVICE/App/usb_device.o
                0x20000808                hUsbDeviceFS
 .bss.UserRxBufferFS
                0x20000acc      0x400 ./USB_DEVICE/App/usbd_cdc_if.o
                0x20000acc                UserRxBufferFS
 .bss.UserTxBufferFS
                0x20000ecc      0x400 ./USB_DEVICE/App/usbd_cdc_if.o
                0x20000ecc                UserTxBufferFS
 .bss.USBD_StrDesc
                0x200012cc      0x200 ./USB_DEVICE/App/usbd_desc.o
                0x200012cc                USBD_StrDesc
 .bss.hpcd_USB_FS
                0x200014cc      0x2d8 ./USB_DEVICE/Target/usbd_conf.o
                0x200014cc                hpcd_USB_FS
 .bss.mem.0     0x200017a4      0x220 ./USB_DEVICE/Target/usbd_conf.o
 .bss.OsState   0x200019c4        0x1 ./os/os.o
 *fill*         0x200019c5        0x1 
 .bss.ActiveTaskIndex
                0x200019c6        0x2 ./os/os.o
                0x200019c6                ActiveTaskIndex
 .bss.TaskReadyQueue
                0x200019c8      0x190 ./os/os.o
                0x200019c8                TaskReadyQueue
 .bss.TaskReadyQueueCtrl
                0x20001b58       0x10 ./os/os.o
                0x20001b58                TaskReadyQueueCtrl
 .bss.TickCounter.0
                0x20001b68        0x2 ./os/os.o
 *fill*         0x20001b6a        0x2 
 .bss.Os_TickCounter
                0x20001b6c        0x4 ./os/os_timers.o
                0x20001b6c                Os_TickCounter
 .bss.AutoStartedTasks
                0x20001b70        0x0 ./os_cfg/os_task_cfg.o
                0x20001b70                AutoStartedTasks
 .bss.txHeader  0x20001b70       0x18 ./os_integration/chaos_demo_tasks.o
                0x20001b70                txHeader
 .bss.txMailbox
                0x20001b88        0x4 ./os_integration/chaos_demo_tasks.o
                0x20001b88                txMailbox
 .bss.txData    0x20001b8c        0x8 ./os_integration/chaos_demo_tasks.o
                0x20001b8c                txData
 .bss.adc_in1   0x20001b94        0x4 ./os_integration/chaos_demo_tasks.o
                0x20001b94                adc_in1
 .bss.adc_in2   0x20001b98        0x4 ./os_integration/chaos_demo_tasks.o
                0x20001b98                adc_in2
 .bss.temperature_c
                0x20001b9c        0x4 ./os_integration/chaos_demo_tasks.o
                0x20001b9c                temperature_c
 .bss.voltage   0x20001ba0        0x4 ./os_integration/chaos_demo_tasks.o
                0x20001ba0                voltage
 .bss.counter.2
                0x20001ba4        0x4 ./os_integration/chaos_demo_tasks.o
 .bss.rxHeader.1
                0x20001ba8       0x1c ./os_integration/chaos_demo_tasks.o
 .bss.rxData.0  0x20001bc4        0x8 ./os_integration/chaos_demo_tasks.o
 *(COMMON)
                0x20001bcc                        . = ALIGN (0x4)
                0x20001bcc                        _ebss = .
                0x20001bcc                        __bss_end__ = _ebss

._user_heap_stack
                0x20001bcc      0x604 load address 0x0800c974
                0x20001bd0                        . = ALIGN (0x8)
 *fill*         0x20001bcc        0x4 
                [!provide]                        PROVIDE (end = .)
                0x20001bd0                        PROVIDE (_end = .)
                0x20001dd0                        . = (. + _Min_Heap_Size)
 *fill*         0x20001bd0      0x200 
                0x200021d0                        . = (. + _Min_Stack_Size)
 *fill*         0x20001dd0      0x400 
                0x200021d0                        . = ALIGN (0x8)

/DISCARD/
 libc.a(*)
 libm.a(*)
 libgcc.a(*)

.ARM.attributes
                0x00000000       0x29
 *(.ARM.attributes)
 .ARM.attributes
                0x00000000       0x1d C:/ST/STM32CubeIDE_2.0.0/STM32CubeIDE/plugins/com.st.stm32cube.ide.mcu.externaltools.gnu-tools-for-stm32.13.3.rel1.win32_1.0.100.202509120712/tools/bin/../lib/gcc/arm-none-eabi/13.3.1/thumb/v7-m/nofp/crti.o
 .ARM.attributes
                0x0000001d       0x2d C:/ST/STM32CubeIDE_2.0.0/STM32CubeIDE/plugins/com.st.stm32cube.ide.mcu.externaltools.gnu-tools-for-stm32.13.3.rel1.win32_1.0.100.202509120712/tools/bin/../lib/gcc/arm-none-eabi/13.3.1/thumb/v7-m/nofp/crtbegin.o
 .ARM.attributes
                0x0000004a       0x2d ./Core/Src/main.o
 .ARM.attributes
                0x00000077       0x2d ./Core/Src/stm32f1xx_hal_msp.o
 .ARM.attributes
                0x000000a4       0x2d ./Core/Src/stm32f1xx_it.o
 .ARM.attributes
                0x000000d1       0x2d ./Core/Src/system_stm32f1xx.o
 .ARM.attributes
                0x000000fe       0x21 ./Core/Startup/startup_stm32f103c8tx.o
 .ARM.attributes
                0x0000011f       0x2d ./Drivers/STM32F1xx_HAL_Driver/Src/stm32f1xx_hal.o
 .ARM.attributes
                0x0000014c       0x2d ./Drivers/STM32F1xx_HAL_Driver/Src/stm32f1xx_hal_adc.o
 .ARM.attributes
                0x00000179       0x2d ./Drivers/STM32F1xx_HAL_Driver/Src/stm32f1xx_hal_adc_ex.o
 .ARM.attributes
                0x000001a6       0x2d ./Drivers/STM32F1xx_HAL_Driver/Src/stm32f1xx_hal_can.o
 .ARM.attributes
                0x000001d3       0x2d ./Drivers/STM32F1xx_HAL_Driver/Src/stm32f1xx_hal_cortex.o
 .ARM.attributes
                0x00000200       0x2d ./Drivers/STM32F1xx_HAL_Driver/Src/stm32f1xx_hal_gpio.o
 .ARM.attributes
                0x0000022d       0x2d ./Drivers/STM32F1xx_HAL_Driver/Src/stm32f1xx_hal_i2c.o
 .ARM.attributes
                0x0000025a       0x2d ./Drivers/STM32F1xx_HAL_Driver/Src/stm32f1xx_hal_pcd.o
 .ARM.attributes
                0x00000287       0x2d ./Drivers/STM32F1xx_HAL_Driver/Src/stm32f1xx_hal_pcd_ex.o
 .ARM.attributes
                0x000002b4       0x2d ./Drivers/STM32F1xx_HAL_Driver/Src/stm32f1xx_hal_rcc.o
 .ARM.attributes
                0x000002e1       0x2d ./Drivers/STM32F1xx_HAL_Driver/Src/stm32f1xx_hal_rcc_ex.o
 .ARM.attributes
                0x0000030e       0x2d ./Drivers/STM32F1xx_HAL_Driver/Src/stm32f1xx_hal_spi.o
 .ARM.attributes
                0x0000033b       0x2d ./Drivers/STM32F1xx_HAL_Driver/Src/stm32f1xx_hal_tim.o
 .ARM.attributes
                0x00000368       0x2d ./Drivers/STM32F1xx_HAL_Driver/Src/stm32f1xx_hal_tim_ex.o
 .ARM.attributes
                0x00000395       0x2d ./Drivers/STM32F1xx_HAL_Driver/Src/stm32f1xx_hal_uart.o
 .ARM.attributes
                0x000003c2       0x2d ./Drivers/STM32F1xx_HAL_Driver/Src/stm32f1xx_ll_usb.o
 .ARM.attributes
                0x000003ef       0x2d ./Middlewares/ST/STM32_USB_Device_Library/Class/CDC/Src/usbd_cdc.o
 .ARM.attributes
                0x0000041c       0x2d ./Middlewares/ST/STM32_USB_Device_Library/Core/Src/usbd_core.o
 .ARM.attributes
                0x00000449       0x2d ./Middlewares/ST/STM32_USB_Device_Library/Core/Src/usbd_ctlreq.o
 .ARM.attributes
                0x00000476       0x2d ./Middlewares/ST/STM32_USB_Device_Library/Core/Src/usbd_ioreq.o
 .ARM.attributes
                0x000004a3       0x2d ./USB_DEVICE/App/usb_device.o
 .ARM.attributes
                0x000004d0       0x2d ./USB_DEVICE/App/usbd_cdc_if.o
 .ARM.attributes
                0x000004fd       0x2d ./USB_DEVICE/App/usbd_desc.o
 .ARM.attributes
                0x0000052a       0x2d ./USB_DEVICE/Target/usbd_conf.o
 .ARM.attributes
                0x00000557       0x2d ./os/os.o
 .ARM.attributes
                0x00000584       0x2d ./os/os_alarms.o
 .ARM.attributes
                0x000005b1       0x2d ./os/os_ipc.o
 .ARM.attributes
                0x000005de       0x2d ./os/os_sched_tbl.o
 .ARM.attributes
                0x0000060b       0x2d ./os/os_task.o
 .ARM.attributes
                0x00000638       0x2d ./os/os_timers.o
 .ARM.attributes
                0x00000665       0x2d ./os_cfg/os_sched_tbl_cfg.o
 .ARM.attributes
                0x00000692       0x2d ./os_cfg/os_task_cfg.o
 .ARM.attributes
                0x000006bf       0x2d ./os_integration/chaos_demo_tasks.o
 .ARM.attributes
                0x000006ec       0x2d ./os_integration/chaos_hooks.o
 .ARM.attributes
                0x00000719       0x2d ./os_integration/ssd1306.o
 .ARM.attributes
                0x00000746       0x2d C:/ST/STM32CubeIDE_2.0.0/STM32CubeIDE/plugins/com.st.stm32cube.ide.mcu.externaltools.gnu-tools-for-stm32.13.3.rel1.win32_1.0.100.202509120712/tools/bin/../lib/gcc/arm-none-eabi/13.3.1/../../../../arm-none-eabi/lib/thumb/v7-m/nofp\libc_nano.a(libc_a-memset.o)
 .ARM.attributes
                0x00000773       0x2d C:/ST/STM32CubeIDE_2.0.0/STM32CubeIDE/plugins/com.st.stm32cube.ide.mcu.externaltools.gnu-tools-for-stm32.13.3.rel1.win32_1.0.100.202509120712/tools/bin/../lib/gcc/arm-none-eabi/13.3.1/../../../../arm-none-eabi/lib/thumb/v7-m/nofp\libc_nano.a(libc_a-init.o)
 .ARM.attributes
                0x000007a0       0x2d C:/ST/STM32CubeIDE_2.0.0/STM32CubeIDE/plugins/com.st.stm32cube.ide.mcu.externaltools.gnu-tools-for-stm32.13.3.rel1.win32_1.0.100.202509120712/tools/bin/../lib/gcc/arm-none-eabi/13.3.1/../../../../arm-none-eabi/lib/thumb/v7-m/nofp\libc_nano.a(libc_a-memcpy-stub.o)
 .ARM.attributes
                0x000007cd       0x17 C:/ST/STM32CubeIDE_2.0.0/STM32CubeIDE/plugins/com.st.stm32cube.ide.mcu.externaltools.gnu-tools-for-stm32.13.3.rel1.win32_1.0.100.202509120712/tools/bin/../lib/gcc/arm-none-eabi/13.3.1/../../../../arm-none-eabi/lib/thumb/v7-m/nofp\libc_nano.a(libc_a-strlen.o)
 .ARM.attributes
                0x000007e4       0x1d C:/ST/STM32CubeIDE_2.0.0/STM32CubeIDE/plugins/com.st.stm32cube.ide.mcu.externaltools.gnu-tools-for-stm32.13.3.rel1.win32_1.0.100.202509120712/tools/bin/../lib/gcc/arm-none-eabi/13.3.1/thumb/v7-m/nofp\libgcc.a(_arm_addsubsf3.o)
 .ARM.attributes
                0x00000801       0x1d C:/ST/STM32CubeIDE_2.0.0/STM32CubeIDE/plugins/com.st.stm32cube.ide.mcu.externaltools.gnu-tools-for-stm32.13.3.rel1.win32_1.0.100.202509120712/tools/bin/../lib/gcc/arm-none-eabi/13.3.1/thumb/v7-m/nofp\libgcc.a(_arm_muldivsf3.o)
 .ARM.attributes
                0x0000081e       0x1d C:/ST/STM32CubeIDE_2.0.0/STM32CubeIDE/plugins/com.st.stm32cube.ide.mcu.externaltools.gnu-tools-for-stm32.13.3.rel1.win32_1.0.100.202509120712/tools/bin/../lib/gcc/arm-none-eabi/13.3.1/thumb/v7-m/nofp/crtn.o
OUTPUT(CHAOS_Project.elf elf32-littlearm)
LOAD linker stubs
LOAD C:/ST/STM32CubeIDE_2.0.0/STM32CubeIDE/plugins/com.st.stm32cube.ide.mcu.externaltools.gnu-tools-for-stm32.13.3.rel1.win32_1.0.100.202509120712/tools/bin/../lib/gcc/arm-none-eabi/13.3.1/../../../../arm-none-eabi/lib/thumb/v7-m/nofp\libc.a
LOAD C:/ST/STM32CubeIDE_2.0.0/STM32CubeIDE/plugins/com.st.stm32cube.ide.mcu.externaltools.gnu-tools-for-stm32.13.3.rel1.win32_1.0.100.202509120712/tools/bin/../lib/gcc/arm-none-eabi/13.3.1/../../../../arm-none-eabi/lib/thumb/v7-m/nofp\libm.a
LOAD C:/ST/STM32CubeIDE_2.0.0/STM32CubeIDE/plugins/com.st.stm32cube.ide.mcu.externaltools.gnu-tools-for-stm32.13.3.rel1.win32_1.0.100.202509120712/tools/bin/../lib/gcc/arm-none-eabi/13.3.1/thumb/v7-m/nofp\libgcc.a

.debug_info     0x00000000    0x1fb3d
 .debug_info    0x00000000     0x1d62 ./Core/Src/main.o
 .debug_info    0x00001d62     0x1a6c ./Core/Src/stm32f1xx_hal_msp.o
 .debug_info    0x000037ce      0xf4d ./Core/Src/stm32f1xx_it.o
 .debug_info    0x0000471b      0x222 ./Core/Src/system_stm32f1xx.o
 .debug_info    0x0000493d       0x30 ./Core/Startup/startup_stm32f103c8tx.o
 .debug_info    0x0000496d      0x704 ./Drivers/STM32F1xx_HAL_Driver/Src/stm32f1xx_hal.o
 .debug_info    0x00005071      0xc50 ./Drivers/STM32F1xx_HAL_Driver/Src/stm32f1xx_hal_adc.o
 .debug_info    0x00005cc1      0xa10 ./Drivers/STM32F1xx_HAL_Driver/Src/stm32f1xx_hal_adc_ex.o
 .debug_info    0x000066d1      0xf13 ./Drivers/STM32F1xx_HAL_Driver/Src/stm32f1xx_hal_can.o
 .debug_info    0x000075e4      0xa87 ./Drivers/STM32F1xx_HAL_Driver/Src/stm32f1xx_hal_cortex.o
 .debug_info    0x0000806b      0x5ab ./Drivers/STM32F1xx_HAL_Driver/Src/stm32f1xx_hal_gpio.o
 .debug_info    0x00008616     0x2524 ./Drivers/STM32F1xx_HAL_Driver/Src/stm32f1xx_hal_i2c.o
 .debug_info    0x0000ab3a     0x16dc ./Drivers/STM32F1xx_HAL_Driver/Src/stm32f1xx_hal_pcd.o
 .debug_info    0x0000c216      0x6c3 ./Drivers/STM32F1xx_HAL_Driver/Src/stm32f1xx_hal_pcd_ex.o
 .debug_info    0x0000c8d9      0x7d5 ./Drivers/STM32F1xx_HAL_Driver/Src/stm32f1xx_hal_rcc.o
 .debug_info    0x0000d0ae      0x3c0 ./Drivers/STM32F1xx_HAL_Driver/Src/stm32f1xx_hal_rcc_ex.o
 .debug_info    0x0000d46e     0x142d ./Drivers/STM32F1xx_HAL_Driver/Src/stm32f1xx_hal_spi.o
 .debug_info    0x0000e89b     0x2959 ./Drivers/STM32F1xx_HAL_Driver/Src/stm32f1xx_hal_tim.o
 .debug_info    0x000111f4     0x149b ./Drivers/STM32F1xx_HAL_Driver/Src/stm32f1xx_hal_tim_ex.o
 .debug_info    0x0001268f     0x2eed ./Drivers/STM32F1xx_HAL_Driver/Src/stm32f1xx_hal_uart.o
 .debug_info    0x0001557c     0x17ae ./Drivers/STM32F1xx_HAL_Driver/Src/stm32f1xx_ll_usb.o
 .debug_info    0x00016d2a     0x1043 ./Middlewares/ST/STM32_USB_Device_Library/Class/CDC/Src/usbd_cdc.o
 .debug_info    0x00017d6d      0xa52 ./Middlewares/ST/STM32_USB_Device_Library/Core/Src/usbd_core.o
 .debug_info    0x000187bf      0x91c ./Middlewares/ST/STM32_USB_Device_Library/Core/Src/usbd_ctlreq.o
 .debug_info    0x000190db      0x6a0 ./Middlewares/ST/STM32_USB_Device_Library/Core/Src/usbd_ioreq.o
 .debug_info    0x0001977b      0x63d ./USB_DEVICE/App/usb_device.o
 .debug_info    0x00019db8      0x7ec ./USB_DEVICE/App/usbd_cdc_if.o
 .debug_info    0x0001a5a4      0x44a ./USB_DEVICE/App/usbd_desc.o
 .debug_info    0x0001a9ee     0x1857 ./USB_DEVICE/Target/usbd_conf.o
 .debug_info    0x0001c245      0x689 ./os/os.o
 .debug_info    0x0001c8ce      0x1da ./os/os_alarms.o
 .debug_info    0x0001caa8      0x46e ./os/os_ipc.o
 .debug_info    0x0001cf16      0x29b ./os/os_sched_tbl.o
 .debug_info    0x0001d1b1      0x452 ./os/os_task.o
 .debug_info    0x0001d603      0x299 ./os/os_timers.o
 .debug_info    0x0001d89c      0x1a1 ./os_cfg/os_sched_tbl_cfg.o
 .debug_info    0x0001da3d      0x1eb ./os_cfg/os_task_cfg.o
 .debug_info    0x0001dc28     0x13cb ./os_integration/chaos_demo_tasks.o
 .debug_info    0x0001eff3       0x9f ./os_integration/chaos_hooks.o
 .debug_info    0x0001f092      0xaab ./os_integration/ssd1306.o

.debug_abbrev   0x00000000     0x5050
 .debug_abbrev  0x00000000      0x327 ./Core/Src/main.o
 .debug_abbrev  0x00000327      0x262 ./Core/Src/stm32f1xx_hal_msp.o
 .debug_abbrev  0x00000589      0x1e9 ./Core/Src/stm32f1xx_it.o
 .debug_abbrev  0x00000772      0x13f ./Core/Src/system_stm32f1xx.o
 .debug_abbrev  0x000008b1       0x24 ./Core/Startup/startup_stm32f103c8tx.o
 .debug_abbrev  0x000008d5      0x201 ./Drivers/STM32F1xx_HAL_Driver/Src/stm32f1xx_hal.o
 .debug_abbrev  0x00000ad6      0x225 ./Drivers/STM32F1xx_HAL_Driver/Src/stm32f1xx_hal_adc.o
 .debug_abbrev  0x00000cfb      0x249 ./Drivers/STM32F1xx_HAL_Driver/Src/stm32f1xx_hal_adc_ex.o
 .debug_abbrev  0x00000f44      0x21c ./Drivers/STM32F1xx_HAL_Driver/Src/stm32f1xx_hal_can.o
 .debug_abbrev  0x00001160      0x2f8 ./Drivers/STM32F1xx_HAL_Driver/Src/stm32f1xx_hal_cortex.o
 .debug_abbrev  0x00001458      0x1ca ./Drivers/STM32F1xx_HAL_Driver/Src/stm32f1xx_hal_gpio.o
 .debug_abbrev  0x00001622      0x2a3 ./Drivers/STM32F1xx_HAL_Driver/Src/stm32f1xx_hal_i2c.o
 .debug_abbrev  0x000018c5      0x2d6 ./Drivers/STM32F1xx_HAL_Driver/Src/stm32f1xx_hal_pcd.o
 .debug_abbrev  0x00001b9b      0x189 ./Drivers/STM32F1xx_HAL_Driver/Src/stm32f1xx_hal_pcd_ex.o
 .debug_abbrev  0x00001d24      0x2b3 ./Drivers/STM32F1xx_HAL_Driver/Src/stm32f1xx_hal_rcc.o
 .debug_abbrev  0x00001fd7      0x188 ./Drivers/STM32F1xx_HAL_Driver/Src/stm32f1xx_hal_rcc_ex.o
 .debug_abbrev  0x0000215f      0x27a ./Drivers/STM32F1xx_HAL_Driver/Src/stm32f1xx_hal_spi.o
 .debug_abbrev  0x000023d9      0x277 ./Drivers/STM32F1xx_HAL_Driver/Src/stm32f1xx_hal_tim.o
 .debug_abbrev  0x00002650      0x282 ./Drivers/STM32F1xx_HAL_Driver/Src/stm32f1xx_hal_tim_ex.o
 .debug_abbrev  0x000028d2      0x2f8 ./Drivers/STM32F1xx_HAL_Driver/Src/stm32f1xx_hal_uart.o
 .debug_abbrev  0x00002bca      0x1de ./Drivers/STM32F1xx_HAL_Driver/Src/stm32f1xx_ll_usb.o
 .debug_abbrev  0x00002da8      0x2d3 ./Middlewares/ST/STM32_USB_Device_Library/Class/CDC/Src/usbd_cdc.o
 .debug_abbrev  0x0000307b      0x24a ./Middlewares/ST/STM32_USB_Device_Library/Core/Src/usbd_core.o
 .debug_abbrev  0x000032c5      0x26b ./Middlewares/ST/STM32_USB_Device_Library/Core/Src/usbd_ctlreq.o
 .debug_abbrev  0x00003530      0x192 ./Middlewares/ST/STM32_USB_Device_Library/Core/Src/usbd_ioreq.o
 .debug_abbrev  0x000036c2      0x18d ./USB_DEVICE/App/usb_device.o
 .debug_abbrev  0x0000384f      0x25d ./USB_DEVICE/App/usbd_cdc_if.o
 .debug_abbrev  0x00003aac      0x1ff ./USB_DEVICE/App/usbd_desc.o
 .debug_abbrev  0x00003cab      0x331 ./USB_DEVICE/Target/usbd_conf.o
 .debug_abbrev  0x00003fdc      0x2c9 ./os/os.o
 .debug_abbrev  0x000042a5       0xb9 ./os/os_alarms.o
 .debug_abbrev  0x0000435e      0x1b9 ./os/os_ipc.o
 .debug_abbrev  0x00004517      0x12b ./os/os_sched_tbl.o
 .debug_abbrev  0x00004642      0x1d2 ./os/os_task.o
 .debug_abbrev  0x00004814      0x13b ./os/os_timers.o
 .debug_abbrev  0x0000494f       0xcd ./os_cfg/os_sched_tbl_cfg.o
 .debug_abbrev  0x00004a1c       0xf6 ./os_cfg/os_task_cfg.o
 .debug_abbrev  0x00004b12      0x28f ./os_integration/chaos_demo_tasks.o
 .debug_abbrev  0x00004da1       0x47 ./os_integration/chaos_hooks.o
 .debug_abbrev  0x00004de8      0x268 ./os_integration/ssd1306.o

.debug_aranges  0x00000000     0x1c80
 .debug_aranges
                0x00000000       0x80 ./Core/Src/main.o
 .debug_aranges
                0x00000080       0x80 ./Core/Src/stm32f1xx_hal_msp.o
 .debug_aranges
                0x00000100       0x70 ./Core/Src/stm32f1xx_it.o
 .debug_aranges
                0x00000170       0x28 ./Core/Src/system_stm32f1xx.o
 .debug_aranges
                0x00000198       0x28 ./Core/Startup/startup_stm32f103c8tx.o
 .debug_aranges
                0x000001c0       0xe0 ./Drivers/STM32F1xx_HAL_Driver/Src/stm32f1xx_hal.o
 .debug_aranges
                0x000002a0       0xf0 ./Drivers/STM32F1xx_HAL_Driver/Src/stm32f1xx_hal_adc.o
 .debug_aranges
                0x00000390       0x80 ./Drivers/STM32F1xx_HAL_Driver/Src/stm32f1xx_hal_adc_ex.o
 .debug_aranges
                0x00000410      0x138 ./Drivers/STM32F1xx_HAL_Driver/Src/stm32f1xx_hal_can.o
 .debug_aranges
                0x00000548      0x100 ./Drivers/STM32F1xx_HAL_Driver/Src/stm32f1xx_hal_cortex.o
 .debug_aranges
                0x00000648       0x58 ./Drivers/STM32F1xx_HAL_Driver/Src/stm32f1xx_hal_gpio.o
 .debug_aranges
                0x000006a0      0x2a8 ./Drivers/STM32F1xx_HAL_Driver/Src/stm32f1xx_hal_i2c.o
 .debug_aranges
                0x00000948      0x140 ./Drivers/STM32F1xx_HAL_Driver/Src/stm32f1xx_hal_pcd.o
 .debug_aranges
                0x00000a88       0x38 ./Drivers/STM32F1xx_HAL_Driver/Src/stm32f1xx_hal_pcd_ex.o
 .debug_aranges
                0x00000ac0       0x90 ./Drivers/STM32F1xx_HAL_Driver/Src/stm32f1xx_hal_rcc.o
 .debug_aranges
                0x00000b50       0x30 ./Drivers/STM32F1xx_HAL_Driver/Src/stm32f1xx_hal_rcc_ex.o
 .debug_aranges
                0x00000b80      0x1d0 ./Drivers/STM32F1xx_HAL_Driver/Src/stm32f1xx_hal_spi.o
 .debug_aranges
                0x00000d50      0x3d0 ./Drivers/STM32F1xx_HAL_Driver/Src/stm32f1xx_hal_tim.o
 .debug_aranges
                0x00001120      0x168 ./Drivers/STM32F1xx_HAL_Driver/Src/stm32f1xx_hal_tim_ex.o
 .debug_aranges
                0x00001288      0x208 ./Drivers/STM32F1xx_HAL_Driver/Src/stm32f1xx_hal_uart.o
 .debug_aranges
                0x00001490       0xf8 ./Drivers/STM32F1xx_HAL_Driver/Src/stm32f1xx_ll_usb.o
 .debug_aranges
                0x00001588       0x90 ./Middlewares/ST/STM32_USB_Device_Library/Class/CDC/Src/usbd_cdc.o
 .debug_aranges
                0x00001618       0xb8 ./Middlewares/ST/STM32_USB_Device_Library/Core/Src/usbd_core.o
 .debug_aranges
                0x000016d0       0x88 ./Middlewares/ST/STM32_USB_Device_Library/Core/Src/usbd_ctlreq.o
 .debug_aranges
                0x00001758       0x50 ./Middlewares/ST/STM32_USB_Device_Library/Core/Src/usbd_ioreq.o
 .debug_aranges
                0x000017a8       0x20 ./USB_DEVICE/App/usb_device.o
 .debug_aranges
                0x000017c8       0x40 ./USB_DEVICE/App/usbd_cdc_if.o
 .debug_aranges
                0x00001808       0x60 ./USB_DEVICE/App/usbd_desc.o
 .debug_aranges
                0x00001868      0x118 ./USB_DEVICE/Target/usbd_conf.o
 .debug_aranges
                0x00001980       0x80 ./os/os.o
 .debug_aranges
                0x00001a00       0x30 ./os/os_alarms.o
 .debug_aranges
                0x00001a30       0x60 ./os/os_ipc.o
 .debug_aranges
                0x00001a90       0x30 ./os/os_sched_tbl.o
 .debug_aranges
                0x00001ac0       0x50 ./os/os_task.o
 .debug_aranges
                0x00001b10       0x50 ./os/os_timers.o
 .debug_aranges
                0x00001b60       0x18 ./os_cfg/os_sched_tbl_cfg.o
 .debug_aranges
                0x00001b78       0x18 ./os_cfg/os_task_cfg.o
 .debug_aranges
                0x00001b90       0x60 ./os_integration/chaos_demo_tasks.o
 .debug_aranges
                0x00001bf0       0x28 ./os_integration/chaos_hooks.o
 .debug_aranges
                0x00001c18       0x68 ./os_integration/ssd1306.o

.debug_rnglists
                0x00000000     0x15d7
 .debug_rnglists
                0x00000000       0x60 ./Core/Src/main.o
 .debug_rnglists
                0x00000060       0x5e ./Core/Src/stm32f1xx_hal_msp.o
 .debug_rnglists
                0x000000be       0x4f ./Core/Src/stm32f1xx_it.o
 .debug_rnglists
                0x0000010d       0x1a ./Core/Src/system_stm32f1xx.o
 .debug_rnglists
                0x00000127       0x19 ./Core/Startup/startup_stm32f103c8tx.o
 .debug_rnglists
                0x00000140       0xa3 ./Drivers/STM32F1xx_HAL_Driver/Src/stm32f1xx_hal.o
 .debug_rnglists
                0x000001e3       0xbc ./Drivers/STM32F1xx_HAL_Driver/Src/stm32f1xx_hal_adc.o
 .debug_rnglists
                0x0000029f       0x65 ./Drivers/STM32F1xx_HAL_Driver/Src/stm32f1xx_hal_adc_ex.o
 .debug_rnglists
                0x00000304       0xed ./Drivers/STM32F1xx_HAL_Driver/Src/stm32f1xx_hal_can.o
 .debug_rnglists
                0x000003f1       0xbb ./Drivers/STM32F1xx_HAL_Driver/Src/stm32f1xx_hal_cortex.o
 .debug_rnglists
                0x000004ac       0x3f ./Drivers/STM32F1xx_HAL_Driver/Src/stm32f1xx_hal_gpio.o
 .debug_rnglists
                0x000004eb      0x23c ./Drivers/STM32F1xx_HAL_Driver/Src/stm32f1xx_hal_i2c.o
 .debug_rnglists
                0x00000727       0xf4 ./Drivers/STM32F1xx_HAL_Driver/Src/stm32f1xx_hal_pcd.o
 .debug_rnglists
                0x0000081b       0x26 ./Drivers/STM32F1xx_HAL_Driver/Src/stm32f1xx_hal_pcd_ex.o
 .debug_rnglists
                0x00000841       0x6c ./Drivers/STM32F1xx_HAL_Driver/Src/stm32f1xx_hal_rcc.o
 .debug_rnglists
                0x000008ad       0x21 ./Drivers/STM32F1xx_HAL_Driver/Src/stm32f1xx_hal_rcc_ex.o
 .debug_rnglists
                0x000008ce      0x16e ./Drivers/STM32F1xx_HAL_Driver/Src/stm32f1xx_hal_spi.o
 .debug_rnglists
                0x00000a3c      0x31a ./Drivers/STM32F1xx_HAL_Driver/Src/stm32f1xx_hal_tim.o
 .debug_rnglists
                0x00000d56      0x125 ./Drivers/STM32F1xx_HAL_Driver/Src/stm32f1xx_hal_tim_ex.o
 .debug_rnglists
                0x00000e7b      0x1bc ./Drivers/STM32F1xx_HAL_Driver/Src/stm32f1xx_hal_uart.o
 .debug_rnglists
                0x00001037       0xbd ./Drivers/STM32F1xx_HAL_Driver/Src/stm32f1xx_ll_usb.o
 .debug_rnglists
                0x000010f4       0x6a ./Middlewares/ST/STM32_USB_Device_Library/Class/CDC/Src/usbd_cdc.o
 .debug_rnglists
                0x0000115e       0x89 ./Middlewares/ST/STM32_USB_Device_Library/Core/Src/usbd_core.o
 .debug_rnglists
                0x000011e7       0x68 ./Middlewares/ST/STM32_USB_Device_Library/Core/Src/usbd_ctlreq.o
 .debug_rnglists
                0x0000124f       0x37 ./Middlewares/ST/STM32_USB_Device_Library/Core/Src/usbd_ioreq.o
 .debug_rnglists
                0x00001286       0x13 ./USB_DEVICE/App/usb_device.o
 .debug_rnglists
                0x00001299       0x2c ./USB_DEVICE/App/usbd_cdc_if.o
 .debug_rnglists
                0x000012c5       0x43 ./USB_DEVICE/App/usbd_desc.o
 .debug_rnglists
                0x00001308       0xce ./USB_DEVICE/Target/usbd_conf.o
 .debug_rnglists
                0x000013d6       0x5e ./os/os.o
 .debug_rnglists
                0x00001434       0x1f ./os/os_alarms.o
 .debug_rnglists
                0x00001453       0x46 ./os/os_ipc.o
 .debug_rnglists
                0x00001499       0x22 ./os/os_sched_tbl.o
 .debug_rnglists
                0x000014bb       0x39 ./os/os_task.o
 .debug_rnglists
                0x000014f4       0x37 ./os/os_timers.o
 .debug_rnglists
                0x0000152b       0x46 ./os_integration/chaos_demo_tasks.o
 .debug_rnglists
                0x00001571       0x19 ./os_integration/chaos_hooks.o
 .debug_rnglists
                0x0000158a       0x4d ./os_integration/ssd1306.o

.debug_macro    0x00000000    0x1de84
 .debug_macro   0x00000000      0x427 ./Core/Src/main.o
 .debug_macro   0x00000427      0xacc ./Core/Src/main.o
 .debug_macro   0x00000ef3      0x239 ./Core/Src/main.o
 .debug_macro   0x0000112c       0x2e ./Core/Src/main.o
 .debug_macro   0x0000115a       0x22 ./Core/Src/main.o
 .debug_macro   0x0000117c       0x22 ./Core/Src/main.o
 .debug_macro   0x0000119e       0x8e ./Core/Src/main.o
 .debug_macro   0x0000122c       0x51 ./Core/Src/main.o
 .debug_macro   0x0000127d      0x103 ./Core/Src/main.o
 .debug_macro   0x00001380       0x6a ./Core/Src/main.o
 .debug_macro   0x000013ea      0x1df ./Core/Src/main.o
 .debug_macro   0x000015c9       0x1c ./Core/Src/main.o
 .debug_macro   0x000015e5       0x22 ./Core/Src/main.o
 .debug_macro   0x00001607       0xbd ./Core/Src/main.o
 .debug_macro   0x000016c4      0xd23 ./Core/Src/main.o
 .debug_macro   0x000023e7     0xe09e ./Core/Src/main.o
 .debug_macro   0x00010485       0x6d ./Core/Src/main.o
 .debug_macro   0x000104f2     0x34a2 ./Core/Src/main.o
 .debug_macro   0x00013994      0x190 ./Core/Src/main.o
 .debug_macro   0x00013b24       0x5c ./Core/Src/main.o
 .debug_macro   0x00013b80      0x5bc ./Core/Src/main.o