D:/60_Repositories/10_Public/PR202513_BPCarrier_DemoApp/BluePill_Carrier_Demo_App/os/os_ipc.c:68:20:Os_GenerateEvt	0	static
D:/60_Repositories/10_Public/PR202513_BPCarrier_DemoApp/BluePill_Carrier_Demo_App/os/os_ipc.c:89:20:Os_ReceiveEvt	0	static
D:/60_Repositories/10_Public/PR202513_BPCarrier_DemoApp/BluePill_Carrier_Demo_App/os/os_ipc.c:124:19:Os_InitEvtQueue	0	static
D:/60_Repositories/10_Public/PR202513_BPCarrier_DemoApp/BluePill_Carrier_Demo_App/os/os_ipc.c:142:17:Os_IsEvtQueueEmpty	0	static
D:/60_Repositories/10_Public/PR202513_BPCarrier_DemoApp/BluePill_Carrier_Demo_App/os/os_ipc.c:167:17:Os_IsEvtQueueFull	0	static
D:/60_Repositories/10_Public/PR202513_BPCarrier_DemoApp/BluePill_Carrier_Demo_App/os/os_ipc.c:193:19:Os_GetQueueItemCount	0	static
D:/60_Repositories/10_Public/PR202513_BPCarrier_DemoApp/BluePill_Carrier_Demo_App/os/os_ipc.c:208:21:Os_QueueInsert	8	static
D:/60_Repositories/10_Public/PR202513_BPCarrier_DemoApp/BluePill_Carrier_Demo_App/os/os_ipc.c:248:22:Os_QueueExtract	8	static
D:/60_Repositories/10_Public/PR202513_BPCarrier_DemoApp/BluePill_Carrier_Demo_App/os/os_ipc.c:292:22:Os_QueueExtractAndShift	16	static
