D:/60_Repositories/10_Public/PR202513_BPCarrier_DemoApp/BluePill_Carrier_Demo_App/os/os_task.c:68:18:Os_ActivateTask	32	static
D:/60_Repositories/10_Public/PR202513_BPCarrier_DemoApp/BluePill_Carrier_Demo_App/os/os_task.c:146:18:Os_TerminateTask	16	static
D:/60_Repositories/10_Public/PR202513_BPCarrier_DemoApp/BluePill_Carrier_Demo_App/os/os_task.c:185:18:Os_ChainTask	8	static
D:/60_Repositories/10_Public/PR202513_BPCarrier_DemoApp/BluePill_Carrier_Demo_App/os/os_task.c:219:18:Os_Yield	16	static
D:/60_Repositories/10_Public/PR202513_BPCarrier_DemoApp/BluePill_Carrier_Demo_App/os/os_task.c:275:18:Os_ActivateTaskAndYield	8	static
D:/60_Repositories/10_Public/PR202513_BPCarrier_DemoApp/BluePill_Carrier_Demo_App/os/os_task.c:306:18:Os_GetTaskID	0	static
D:/60_Repositories/10_Public/PR202513_BPCarrier_DemoApp/BluePill_Carrier_Demo_App/os/os_task.c:328:18:Os_GetTaskPriority	0	static
