D:/60_Repositories/10_Public/PR202513_BPCarrier_DemoApp/BluePill_Carrier_Demo_App/os/os_timers.c:67:10:GetOsTickCounter	0	static
D:/60_Repositories/10_Public/PR202513_BPCarrier_DemoApp/BluePill_Carrier_Demo_App/os/os_timers.c:80:10:GetElapsedTime	0	static
D:/60_Repositories/10_Public/PR202513_BPCarrier_DemoApp/BluePill_Carrier_Demo_App/os/os_timers.c:113:6:Os_StartTimer	0	static
D:/60_Repositories/10_Public/PR202513_BPCarrier_DemoApp/BluePill_Carrier_Demo_App/os/os_timers.c:132:6:Os_StopTimer	0	static
D:/60_Repositories/10_Public/PR202513_BPCarrier_DemoApp/BluePill_Carrier_Demo_App/os/os_timers.c:145:19:Os_GetTimerStatus	8	static
D:/60_Repositories/10_Public/PR202513_BPCarrier_DemoApp/BluePill_Carrier_Demo_App/os/os_timers.c:180:10:Os_GetElapsedTime	0	static
D:/60_Repositories/10_Public/PR202513_BPCarrier_DemoApp/BluePill_Carrier_Demo_App/os/os_timers.c:208:10:Os_GetRemainingTime	8	static
