../Core/Src/main.c:84:6:HAL_TIM_PeriodElapsedCallback	16	static
../Core/Src/main.c:104:5:_write	24	static
../Core/Src/main.c:121:5:main	48	static
../Core/Src/main.c:210:6:SystemClock_Config	88	static
../Core/Src/main.c:257:13:MX_ADC1_Init	40	static
../Core/Src/main.c:317:13:MX_CAN_Init	8	static
../Core/Src/main.c:354:13:MX_I2C1_Init	8	static
../Core/Src/main.c:388:13:MX_SPI1_Init	8	static
../Core/Src/main.c:426:13:MX_TIM2_Init	32	static
../Core/Src/main.c:471:13:MX_USART1_UART_Init	8	static
../Core/Src/main.c:504:13:MX_USART2_UART_Init	8	static
../Core/Src/main.c:536:13:MX_USART3_UART_Init	8	static
../Core/Src/main.c:569:13:MX_GPIO_Init	40	static
../Core/Src/main.c:621:6:Error_Handler	4	static,ignoring_inline_asm
