../Core/Src/main.c:82:6:HAL_TIM_PeriodElapsedCallback	16	static
../Core/Src/main.c:92:5:_write	24	static
../Core/Src/main.c:105:5:main	48	static
../Core/Src/main.c:195:6:SystemClock_Config	88	static
../Core/Src/main.c:243:13:MX_ADC1_Init	40	static
../Core/Src/main.c:303:13:MX_CAN_Init	8	static
../Core/Src/main.c:340:13:MX_I2C1_Init	8	static
../Core/Src/main.c:374:13:MX_SPI1_Init	8	static
../Core/Src/main.c:412:13:MX_TIM2_Init	32	static
../Core/Src/main.c:457:13:MX_USART1_UART_Init	8	static
../Core/Src/main.c:490:13:MX_USART3_UART_Init	8	static
../Core/Src/main.c:523:13:MX_GPIO_Init	40	static
../Core/Src/main.c:568:6:Error_Handler	4	static,ignoring_inline_asm
