../Core/Src/main.c:84:6:HAL_TIM_PeriodElapsedCallback	2
../Core/Src/main.c:104:5:_write	3
../Core/Src/main.c:121:5:main	1
../Core/Src/main.c:210:6:SystemClock_Config	4
../Core/Src/main.c:257:13:MX_ADC1_Init	4
../Core/Src/main.c:317:13:MX_CAN_Init	2
../Core/Src/main.c:354:13:MX_I2C1_Init	2
../Core/Src/main.c:388:13:MX_SPI1_Init	2
../Core/Src/main.c:426:13:MX_TIM2_Init	4
../Core/Src/main.c:471:13:MX_USART1_UART_Init	2
../Core/Src/main.c:504:13:MX_USART2_UART_Init	2
../Core/Src/main.c:536:13:MX_USART3_UART_Init	2
../Core/Src/main.c:569:13:MX_GPIO_Init	1
../Core/Src/main.c:621:6:Error_Handler	1
