../Core/Src/main.c:82:6:HAL_TIM_PeriodElapsedCallback	2
../Core/Src/main.c:92:5:_write	1
../Core/Src/main.c:105:5:main	1
../Core/Src/main.c:195:6:SystemClock_Config	4
../Core/Src/main.c:243:13:MX_ADC1_Init	4
../Core/Src/main.c:303:13:MX_CAN_Init	2
../Core/Src/main.c:340:13:MX_I2C1_Init	2
../Core/Src/main.c:374:13:MX_SPI1_Init	2
../Core/Src/main.c:412:13:MX_TIM2_Init	4
../Core/Src/main.c:457:13:MX_USART1_UART_Init	2
../Core/Src/main.c:490:13:MX_USART3_UART_Init	2
../Core/Src/main.c:523:13:MX_GPIO_Init	1
../Core/Src/main.c:568:6:Error_Handler	1
