../Core/Src/stm32f1xx_hal_msp.c:63:6:HAL_MspInit	8	static
../Core/Src/stm32f1xx_hal_msp.c:90:6:HAL_ADC_MspInit	32	static
../Core/Src/stm32f1xx_hal_msp.c:123:6:HAL_ADC_MspDeInit	8	static
../Core/Src/stm32f1xx_hal_msp.c:151:6:HAL_CAN_MspInit	32	static
../Core/Src/stm32f1xx_hal_msp.c:196:6:HAL_CAN_MspDeInit	8	static
../Core/Src/stm32f1xx_hal_msp.c:227:6:HAL_I2C_MspInit	32	static
../Core/Src/stm32f1xx_hal_msp.c:262:6:HAL_I2C_MspDeInit	8	static
../Core/Src/stm32f1xx_hal_msp.c:293:6:HAL_SPI_MspInit	32	static
../Core/Src/stm32f1xx_hal_msp.c:335:6:HAL_SPI_MspDeInit	8	static
../Core/Src/stm32f1xx_hal_msp.c:366:6:HAL_TIM_Base_MspInit	16	static
../Core/Src/stm32f1xx_hal_msp.c:392:6:HAL_TIM_Base_MspDeInit	8	static
../Core/Src/stm32f1xx_hal_msp.c:417:6:HAL_UART_MspInit	48	static
../Core/Src/stm32f1xx_hal_msp.c:510:6:HAL_UART_MspDeInit	8	static
