D:/60_Repositories/10_Public/PR202513_BPCarrier_DemoApp/BluePill_Carrier_Demo_App/os_integration/chaos_demo_tasks.c:109:16:bcd2bin	16	static
D:/60_Repositories/10_Public/PR202513_BPCarrier_DemoApp/BluePill_Carrier_Demo_App/os_integration/chaos_demo_tasks.c:114:16:bin2bcd	16	static
D:/60_Repositories/10_Public/PR202513_BPCarrier_DemoApp/BluePill_Carrier_Demo_App/os_integration/chaos_demo_tasks.c:120:6:CAN_SendMessage	24	static
D:/60_Repositories/10_Public/PR202513_BPCarrier_DemoApp/BluePill_Carrier_Demo_App/os_integration/chaos_demo_tasks.c:154:6:RS485_SendString	16	static
D:/60_Repositories/10_Public/PR202513_BPCarrier_DemoApp/BluePill_Carrier_Demo_App/os_integration/chaos_demo_tasks.c:165:6:SERIAL_SendString	16	static
D:/60_Repositories/10_Public/PR202513_BPCarrier_DemoApp/BluePill_Carrier_Demo_App/os_integration/chaos_demo_tasks.c:176:19:DS3231_ReadDateTime	48	static
D:/60_Repositories/10_Public/PR202513_BPCarrier_DemoApp/BluePill_Carrier_Demo_App/os_integration/chaos_demo_tasks.c:223:19:DS3231_SetDateTime	40	static
D:/60_Repositories/10_Public/PR202513_BPCarrier_DemoApp/BluePill_Carrier_Demo_App/os_integration/chaos_demo_tasks.c:256:19:DS3231_DumpDecoded	72	static
D:/60_Repositories/10_Public/PR202513_BPCarrier_DemoApp/BluePill_Carrier_Demo_App/os_integration/chaos_demo_tasks.c:285:13:OLED_ShowTime	64	static
D:/60_Repositories/10_Public/PR202513_BPCarrier_DemoApp/BluePill_Carrier_Demo_App/os_integration/chaos_demo_tasks.c:303:6:OLED_ShowTemperature	56	static
D:/60_Repositories/10_Public/PR202513_BPCarrier_DemoApp/BluePill_Carrier_Demo_App/os_integration/chaos_demo_tasks.c:318:17:u16_le	16	static
D:/60_Repositories/10_Public/PR202513_BPCarrier_DemoApp/BluePill_Carrier_Demo_App/os_integration/chaos_demo_tasks.c:319:17:s16_le	16	static
D:/60_Repositories/10_Public/PR202513_BPCarrier_DemoApp/BluePill_Carrier_Demo_App/os_integration/chaos_demo_tasks.c:321:26:bme_read	40	static
D:/60_Repositories/10_Public/PR202513_BPCarrier_DemoApp/BluePill_Carrier_Demo_App/os_integration/chaos_demo_tasks.c:326:26:bme_read8	24	static
D:/60_Repositories/10_Public/PR202513_BPCarrier_DemoApp/BluePill_Carrier_Demo_App/os_integration/chaos_demo_tasks.c:331:26:bme_write8	32	static
D:/60_Repositories/10_Public/PR202513_BPCarrier_DemoApp/BluePill_Carrier_Demo_App/os_integration/chaos_demo_tasks.c:336:26:bme_wait_nvm	24	static
D:/60_Repositories/10_Public/PR202513_BPCarrier_DemoApp/BluePill_Carrier_Demo_App/os_integration/chaos_demo_tasks.c:350:26:BME280_ReadCalibration	56	static
D:/60_Repositories/10_Public/PR202513_BPCarrier_DemoApp/BluePill_Carrier_Demo_App/os_integration/chaos_demo_tasks.c:389:16:BME280_Compensate_T	32	static
D:/60_Repositories/10_Public/PR202513_BPCarrier_DemoApp/BluePill_Carrier_Demo_App/os_integration/chaos_demo_tasks.c:400:17:BME280_Compensate_P	328	static
D:/60_Repositories/10_Public/PR202513_BPCarrier_DemoApp/BluePill_Carrier_Demo_App/os_integration/chaos_demo_tasks.c:421:17:BME280_Compensate_H	24	static
D:/60_Repositories/10_Public/PR202513_BPCarrier_DemoApp/BluePill_Carrier_Demo_App/os_integration/chaos_demo_tasks.c:440:19:BME280_Init	24	static
D:/60_Repositories/10_Public/PR202513_BPCarrier_DemoApp/BluePill_Carrier_Demo_App/os_integration/chaos_demo_tasks.c:471:19:BME280_ReadData	48	static
D:/60_Repositories/10_Public/PR202513_BPCarrier_DemoApp/BluePill_Carrier_Demo_App/os_integration/chaos_demo_tasks.c:493:26:tmp102_read16	48	static
D:/60_Repositories/10_Public/PR202513_BPCarrier_DemoApp/BluePill_Carrier_Demo_App/os_integration/chaos_demo_tasks.c:505:26:tmp102_write16	48	static
D:/60_Repositories/10_Public/PR202513_BPCarrier_DemoApp/BluePill_Carrier_Demo_App/os_integration/chaos_demo_tasks.c:519:14:tmp102_raw_to_celsius	24	static
D:/60_Repositories/10_Public/PR202513_BPCarrier_DemoApp/BluePill_Carrier_Demo_App/os_integration/chaos_demo_tasks.c:532:19:TMP102_Init	24	static
D:/60_Repositories/10_Public/PR202513_BPCarrier_DemoApp/BluePill_Carrier_Demo_App/os_integration/chaos_demo_tasks.c:544:19:TMP102_ReadTemperatureC	32	static
D:/60_Repositories/10_Public/PR202513_BPCarrier_DemoApp/BluePill_Carrier_Demo_App/os_integration/chaos_demo_tasks.c:555:6:I2C_ScanAndPrint	24	static
D:/60_Repositories/10_Public/PR202513_BPCarrier_DemoApp/BluePill_Carrier_Demo_App/os_integration/chaos_demo_tasks.c:585:16:LIN_MakePID	24	static
D:/60_Repositories/10_Public/PR202513_BPCarrier_DemoApp/BluePill_Carrier_Demo_App/os_integration/chaos_demo_tasks.c:619:16:LIN_Checksum	24	static
D:/60_Repositories/10_Public/PR202513_BPCarrier_DemoApp/BluePill_Carrier_Demo_App/os_integration/chaos_demo_tasks.c:647:19:LIN_SendFrame	32	static
D:/60_Repositories/10_Public/PR202513_BPCarrier_DemoApp/BluePill_Carrier_Demo_App/os_integration/chaos_demo_tasks.c:695:1:CAN_Task	56	static
D:/60_Repositories/10_Public/PR202513_BPCarrier_DemoApp/BluePill_Carrier_Demo_App/os_integration/chaos_demo_tasks.c:761:1:RS485_Task	8	static
D:/60_Repositories/10_Public/PR202513_BPCarrier_DemoApp/BluePill_Carrier_Demo_App/os_integration/chaos_demo_tasks.c:778:1:LED_Task	8	static
D:/60_Repositories/10_Public/PR202513_BPCarrier_DemoApp/BluePill_Carrier_Demo_App/os_integration/chaos_demo_tasks.c:791:1:Readings_Task	24	static
D:/60_Repositories/10_Public/PR202513_BPCarrier_DemoApp/BluePill_Carrier_Demo_App/os_integration/chaos_demo_tasks.c:850:1:OLED_Task	8	static
D:/60_Repositories/10_Public/PR202513_BPCarrier_DemoApp/BluePill_Carrier_Demo_App/os_integration/chaos_demo_tasks.c:863:1:Serial_Task	40	static
