D:/60_Repositories/10_Public/PR202513_BPCarrier_DemoApp/BluePill_Carrier_Demo_App/os_integration/chaos_demo_tasks.c:109:16:bcd2bin	0	static
D:/60_Repositories/10_Public/PR202513_BPCarrier_DemoApp/BluePill_Carrier_Demo_App/os_integration/chaos_demo_tasks.c:291:26:bme_read	24	static
D:/60_Repositories/10_Public/PR202513_BPCarrier_DemoApp/BluePill_Carrier_Demo_App/os_integration/chaos_demo_tasks.c:301:26:bme_write8	32	static
D:/60_Repositories/10_Public/PR202513_BPCarrier_DemoApp/BluePill_Carrier_Demo_App/os_integration/chaos_demo_tasks.c:120:6:CAN_SendMessage	8	static
D:/60_Repositories/10_Public/PR202513_BPCarrier_DemoApp/BluePill_Carrier_Demo_App/os_integration/chaos_demo_tasks.c:154:6:RS485_SendString	8	static
D:/60_Repositories/10_Public/PR202513_BPCarrier_DemoApp/BluePill_Carrier_Demo_App/os_integration/chaos_demo_tasks.c:165:6:SERIAL_SendString	8	static
D:/60_Repositories/10_Public/PR202513_BPCarrier_DemoApp/BluePill_Carrier_Demo_App/os_integration/chaos_demo_tasks.c:176:19:DS3231_ReadDateTime	40	static
D:/60_Repositories/10_Public/PR202513_BPCarrier_DemoApp/BluePill_Carrier_Demo_App/os_integration/chaos_demo_tasks.c:222:19:DS3231_SetDateTime	32	static
D:/60_Repositories/10_Public/PR202513_BPCarrier_DemoApp/BluePill_Carrier_Demo_App/os_integration/chaos_demo_tasks.c:273:6:OLED_ShowTemperature	32	static
D:/60_Repositories/10_Public/PR202513_BPCarrier_DemoApp/BluePill_Carrier_Demo_App/os_integration/chaos_demo_tasks.c:410:19:BME280_Init	64	static
D:/60_Repositories/10_Public/PR202513_BPCarrier_DemoApp/BluePill_Carrier_Demo_App/os_integration/chaos_demo_tasks.c:441:19:BME280_ReadData	80	static
D:/60_Repositories/10_Public/PR202513_BPCarrier_DemoApp/BluePill_Carrier_Demo_App/os_integration/chaos_demo_tasks.c:502:19:TMP102_Init	32	static
D:/60_Repositories/10_Public/PR202513_BPCarrier_DemoApp/BluePill_Carrier_Demo_App/os_integration/chaos_demo_tasks.c:514:19:TMP102_ReadTemperatureC	40	static
D:/60_Repositories/10_Public/PR202513_BPCarrier_DemoApp/BluePill_Carrier_Demo_App/os_integration/chaos_demo_tasks.c:525:6:I2C_ScanAndPrint	32	static
D:/60_Repositories/10_Public/PR202513_BPCarrier_DemoApp/BluePill_Carrier_Demo_App/os_integration/chaos_demo_tasks.c:617:19:LIN_SendFrame	32	static
D:/60_Repositories/10_Public/PR202513_BPCarrier_DemoApp/BluePill_Carrier_Demo_App/os_integration/chaos_demo_tasks.c:665:1:CAN_Task	64	static
D:/60_Repositories/10_Public/PR202513_BPCarrier_DemoApp/BluePill_Carrier_Demo_App/os_integration/chaos_demo_tasks.c:731:1:RS485_Task	8	static
D:/60_Repositories/10_Public/PR202513_BPCarrier_DemoApp/BluePill_Carrier_Demo_App/os_integration/chaos_demo_tasks.c:748:1:LED_Task	8	static
D:/60_Repositories/10_Public/PR202513_BPCarrier_DemoApp/BluePill_Carrier_Demo_App/os_integration/chaos_demo_tasks.c:761:1:Readings_Task	24	static
D:/60_Repositories/10_Public/PR202513_BPCarrier_DemoApp/BluePill_Carrier_Demo_App/os_integration/chaos_demo_tasks.c:817:1:OLED_Task	56	static
D:/60_Repositories/10_Public/PR202513_BPCarrier_DemoApp/BluePill_Carrier_Demo_App/os_integration/chaos_demo_tasks.c:830:1:Serial_Task	32	static
