D:/60_Repositories/10_Public/PR202513_BPCarrier_DemoApp/BluePill_Carrier_Demo_App/os_integration/chaos_demo_tasks.c:33:6:CAN_SendMessage	24	static
D:/60_Repositories/10_Public/PR202513_BPCarrier_DemoApp/BluePill_Carrier_Demo_App/os_integration/chaos_demo_tasks.c:63:6:uart3_send_string	16	static
D:/60_Repositories/10_Public/PR202513_BPCarrier_DemoApp/BluePill_Carrier_Demo_App/os_integration/chaos_demo_tasks.c:73:6:uart1_send_string	16	static
D:/60_Repositories/10_Public/PR202513_BPCarrier_DemoApp/BluePill_Carrier_Demo_App/os_integration/chaos_demo_tasks.c:86:1:CAN_Task	24	static
D:/60_Repositories/10_Public/PR202513_BPCarrier_DemoApp/BluePill_Carrier_Demo_App/os_integration/chaos_demo_tasks.c:144:1:RS485_Task	8	static
D:/60_Repositories/10_Public/PR202513_BPCarrier_DemoApp/BluePill_Carrier_Demo_App/os_integration/chaos_demo_tasks.c:159:1:LED_Task	8	static
D:/60_Repositories/10_Public/PR202513_BPCarrier_DemoApp/BluePill_Carrier_Demo_App/os_integration/chaos_demo_tasks.c:174:1:Readings_Task	24	static
D:/60_Repositories/10_Public/PR202513_BPCarrier_DemoApp/BluePill_Carrier_Demo_App/os_integration/chaos_demo_tasks.c:213:1:OLED_Task	8	static
D:/60_Repositories/10_Public/PR202513_BPCarrier_DemoApp/BluePill_Carrier_Demo_App/os_integration/chaos_demo_tasks.c:229:1:Serial_Task	8	static
