D:/60_Repositories/10_Public/PR202513_BPCarrier_DemoApp/BluePill_Carrier_Demo_App/os_integration/ssd1306.c:8:26:ssd1306_write_cmd	24	static
D:/60_Repositories/10_Public/PR202513_BPCarrier_DemoApp/BluePill_Carrier_Demo_App/os_integration/ssd1306.c:56:6:ssd1306_clear	8	static
D:/60_Repositories/10_Public/PR202513_BPCarrier_DemoApp/BluePill_Carrier_Demo_App/os_integration/ssd1306.c:63:6:ssd1306_set_cursor	0	static
D:/60_Repositories/10_Public/PR202513_BPCarrier_DemoApp/BluePill_Carrier_Demo_App/os_integration/ssd1306.c:69:6:ssd1306_draw_pixel	0	static
D:/60_Repositories/10_Public/PR202513_BPCarrier_DemoApp/BluePill_Carrier_Demo_App/os_integration/ssd1306.c:78:6:ssd1306_write_char	40	static
D:/60_Repositories/10_Public/PR202513_BPCarrier_DemoApp/BluePill_Carrier_Demo_App/os_integration/ssd1306.c:102:6:ssd1306_write_string	16	static
D:/60_Repositories/10_Public/PR202513_BPCarrier_DemoApp/BluePill_Carrier_Demo_App/os_integration/ssd1306.c:159:19:ssd1306_update	56	static
D:/60_Repositories/10_Public/PR202513_BPCarrier_DemoApp/BluePill_Carrier_Demo_App/os_integration/ssd1306.c:111:19:ssd1306_init	8	static
